******************************************************************************
             TMS320C2000 Linker PC v6.1.3                      
******************************************************************************
>> Linked Sat Aug 04 17:49:03 2018

OUTPUT FILE NAME:   <ZQ28335_ADF4351.out>
ENTRY POINT SYMBOL: "_c_int00"  address: 00009883


MEMORY CONFIGURATION

         name            origin    length      used     unused   attr    fill
----------------------  --------  ---------  --------  --------  ----  --------
PAGE 0:
  BEGIN                 00000000   00000002  00000000  00000002  RWIX
  RAMM0                 00000050   000003b0  00000000  000003b0  RWIX
  RAML0                 00008000   00001000  00000769  00000897  RWIX
  RAML1                 00009000   00001000  0000097d  00000683  RWIX
  RAML2                 0000a000   00001000  00000000  00001000  RWIX
  RAML3                 0000b000   00001000  00000000  00001000  RWIX
  ZONE7A                00200000   0000fc00  00000000  0000fc00  RWIX
  CSM_RSVD              0033ff80   00000076  00000000  00000076  RWIX
  CSM_PWL               0033fff8   00000008  00000000  00000008  RWIX
  ADC_CAL               00380080   00000009  00000007  00000002  RWIX
  IQTABLES              003fe000   00000b50  00000000  00000b50  RWIX
  IQTABLES2             003feb50   0000008c  00000000  0000008c  RWIX
  FPUTABLES             003febdc   000006a0  00000000  000006a0  RWIX
  BOOTROM               003ff27c   00000d44  00000000  00000d44  RWIX
  RESET                 003fffc0   00000002  00000000  00000002  RWIX

PAGE 1:
  BOOT_RSVD             00000002   0000004e  00000000  0000004e  RWIX
  RAMM1                 00000400   00000400  00000300  00000100  RWIX
  DEV_EMU               00000880   00000180  000000d0  000000b0  RWIX
  FLASH_REGS            00000a80   00000060  00000008  00000058  RWIX
  CSM                   00000ae0   00000010  00000010  00000000  RWIX
  ADC_MIRROR            00000b00   00000010  00000010  00000000  RWIX
  XINTF                 00000b20   00000020  0000001e  00000002  RWIX
  CPU_TIMER0            00000c00   00000008  00000008  00000000  RWIX
  CPU_TIMER1            00000c08   00000008  00000008  00000000  RWIX
  CPU_TIMER2            00000c10   00000008  00000008  00000000  RWIX
  PIE_CTRL              00000ce0   00000020  0000001a  00000006  RWIX
  PIE_VECT              00000d00   00000100  00000100  00000000  RWIX
  DMA                   00001000   00000200  000000e0  00000120  RWIX
  MCBSPA                00005000   00000040  00000025  0000001b  RWIX
  MCBSPB                00005040   00000040  00000025  0000001b  RWIX
  ECANA                 00006000   00000040  00000034  0000000c  RWIX
  ECANA_LAM             00006040   00000040  00000040  00000000  RWIX
  ECANA_MOTS            00006080   00000040  00000040  00000000  RWIX
  ECANA_MOTO            000060c0   00000040  00000040  00000000  RWIX
  ECANA_MBOX            00006100   00000100  00000100  00000000  RWIX
  ECANB                 00006200   00000040  00000034  0000000c  RWIX
  ECANB_LAM             00006240   00000040  00000040  00000000  RWIX
  ECANB_MOTS            00006280   00000040  00000040  00000000  RWIX
  ECANB_MOTO            000062c0   00000040  00000040  00000000  RWIX
  ECANB_MBOX            00006300   00000100  00000100  00000000  RWIX
  EPWM1                 00006800   00000022  00000022  00000000  RWIX
  EPWM2                 00006840   00000022  00000022  00000000  RWIX
  EPWM3                 00006880   00000022  00000022  00000000  RWIX
  EPWM4                 000068c0   00000022  00000022  00000000  RWIX
  EPWM5                 00006900   00000022  00000022  00000000  RWIX
  EPWM6                 00006940   00000022  00000022  00000000  RWIX
  ECAP1                 00006a00   00000020  00000020  00000000  RWIX
  ECAP2                 00006a20   00000020  00000020  00000000  RWIX
  ECAP3                 00006a40   00000020  00000020  00000000  RWIX
  ECAP4                 00006a60   00000020  00000020  00000000  RWIX
  ECAP5                 00006a80   00000020  00000020  00000000  RWIX
  ECAP6                 00006aa0   00000020  00000020  00000000  RWIX
  EQEP1                 00006b00   00000040  00000040  00000000  RWIX
  EQEP2                 00006b40   00000040  00000040  00000000  RWIX
  GPIOCTRL              00006f80   00000040  0000002e  00000012  RWIX
  GPIODAT               00006fc0   00000020  00000020  00000000  RWIX
  GPIOINT               00006fe0   00000020  0000000a  00000016  RWIX
  SYSTEM                00007010   00000020  00000020  00000000  RWIX
  SPIA                  00007040   00000010  00000010  00000000  RWIX
  SCIA                  00007050   00000010  00000010  00000000  RWIX
  XINTRUPT              00007070   00000010  00000010  00000000  RWIX
  ADC                   00007100   00000020  0000001e  00000002  RWIX
  SCIB                  00007750   00000010  00000010  00000000  RWIX
  SCIC                  00007770   00000010  00000010  00000000  RWIX
  I2CA                  00007900   00000040  00000022  0000001e  RWIX
  RAML4                 0000c000   00001000  00000948  000006b8  RWIX
  RAML5                 0000d000   00001000  00000100  00000f00  RWIX
  RAML6                 0000e000   00001000  00000000  00001000  RWIX
  RAML7                 0000f000   00001000  00000000  00001000  RWIX
  ZONE7B                0020fc00   00000400  00000000  00000400  RWIX
  CSM_PWL               0033fff8   00000008  00000008  00000000  RWIX
  PARTID                00380090   00000001  00000001  00000000  RWIX


SECTION ALLOCATION MAP

 output                                  attributes/
section   page    origin      length       input sections
--------  ----  ----------  ----------   ----------------
.pinit     0    00008000    00000000     UNINITIALIZED

.cinit     0    00008000    0000074a     
                  00008000    00000734     LCD12864.obj (.cinit)
                  00008734    0000000a     rts2800_fpu32.lib : _lock.obj (.cinit)
                  0000873e    0000000a                       : exit.obj (.cinit)
                  00008748    00000002     --HOLE-- [fill = 0]

ramfuncs   0    0000874a    0000001f     
                  0000874a    0000001b     DSP2833x_SysCtrl.obj (ramfuncs)
                  00008765    00000004     DSP2833x_usDelay.obj (ramfuncs)

.text      0    00009000    0000097d     
                  00009000    00000380     LCD12864.obj (.text)
                  00009380    00000316     DSP2833x_DefaultIsr.obj (.text:retain)
                  00009696    000000fa     DSP2833x_Xintf.obj (.text)
                  00009790    000000f3     DSP2833x_SysCtrl.obj (.text)
                  00009883    00000046     rts2800_fpu32.lib : boot.obj (.text)
                  000098c9    00000028     DSP2833x_PieCtrl.obj (.text)
                  000098f1    00000020     DSP2833x_PieVect.obj (.text)
                  00009911    00000019     rts2800_fpu32.lib : args_main.obj (.text)
                  0000992a    00000019                       : exit.obj (.text)
                  00009943    00000017     DSP2833x_Gpio.obj (.text)
                  0000995a    00000013     main_ADF4351.obj (.text)
                  0000996d    00000009     rts2800_fpu32.lib : _lock.obj (.text)
                  00009976    00000007     DSP2833x_DisInt.obj (.text)

csm_rsvd   0    0033ff80    00000000     DSECT

csmpasswds 
*          0    0033fff8    00000000     DSECT

.adc_cal   0    00380080    00000007     NOLOAD SECTION
                  00380080    00000007     DSP2833x_ADC_cal.obj (.adc_cal)

.reset     0    003fffc0    00000002     DSECT
                  003fffc0    00000002     rts2800_fpu32.lib : boot.obj (.reset)

.stack     1    00000400    00000300     UNINITIALIZED
                  00000400    00000300     --HOLE--

DevEmuRegsFile 
*          1    00000880    000000d0     UNINITIALIZED
                  00000880    000000d0     DSP2833x_GlobalVariableDefs.obj (DevEmuRegsFile)

FlashRegsFile 
*          1    00000a80    00000008     UNINITIALIZED
                  00000a80    00000008     DSP2833x_GlobalVariableDefs.obj (FlashRegsFile)

CsmRegsFile 
*          1    00000ae0    00000010     UNINITIALIZED
                  00000ae0    00000010     DSP2833x_GlobalVariableDefs.obj (CsmRegsFile)

AdcMirrorFile 
*          1    00000b00    00000010     UNINITIALIZED
                  00000b00    00000010     DSP2833x_GlobalVariableDefs.obj (AdcMirrorFile)

XintfRegsFile 
*          1    00000b20    0000001e     UNINITIALIZED
                  00000b20    0000001e     DSP2833x_GlobalVariableDefs.obj (XintfRegsFile)

CpuTimer0RegsFile 
*          1    00000c00    00000008     UNINITIALIZED
                  00000c00    00000008     DSP2833x_GlobalVariableDefs.obj (CpuTimer0RegsFile)

CpuTimer1RegsFile 
*          1    00000c08    00000008     UNINITIALIZED
                  00000c08    00000008     DSP2833x_GlobalVariableDefs.obj (CpuTimer1RegsFile)

CpuTimer2RegsFile 
*          1    00000c10    00000008     UNINITIALIZED
                  00000c10    00000008     DSP2833x_GlobalVariableDefs.obj (CpuTimer2RegsFile)

PieCtrlRegsFile 
*          1    00000ce0    0000001a     UNINITIALIZED
                  00000ce0    0000001a     DSP2833x_GlobalVariableDefs.obj (PieCtrlRegsFile)

PieVectTableFile 
*          1    00000d00    00000100     UNINITIALIZED
                  00000d00    00000100     DSP2833x_GlobalVariableDefs.obj (PieVectTableFile)

DmaRegsFile 
*          1    00001000    000000e0     UNINITIALIZED
                  00001000    000000e0     DSP2833x_GlobalVariableDefs.obj (DmaRegsFile)

McbspaRegsFile 
*          1    00005000    00000025     UNINITIALIZED
                  00005000    00000025     DSP2833x_GlobalVariableDefs.obj (McbspaRegsFile)

McbspbRegsFile 
*          1    00005040    00000025     UNINITIALIZED
                  00005040    00000025     DSP2833x_GlobalVariableDefs.obj (McbspbRegsFile)

ECanaRegsFile 
*          1    00006000    00000034     UNINITIALIZED
                  00006000    00000034     DSP2833x_GlobalVariableDefs.obj (ECanaRegsFile)

ECanaLAMRegsFile 
*          1    00006040    00000040     UNINITIALIZED
                  00006040    00000040     DSP2833x_GlobalVariableDefs.obj (ECanaLAMRegsFile)

ECanaMOTSRegsFile 
*          1    00006080    00000040     UNINITIALIZED
                  00006080    00000040     DSP2833x_GlobalVariableDefs.obj (ECanaMOTSRegsFile)

ECanaMOTORegsFile 
*          1    000060c0    00000040     UNINITIALIZED
                  000060c0    00000040     DSP2833x_GlobalVariableDefs.obj (ECanaMOTORegsFile)

ECanaMboxesFile 
*          1    00006100    00000100     UNINITIALIZED
                  00006100    00000100     DSP2833x_GlobalVariableDefs.obj (ECanaMboxesFile)

ECanbRegsFile 
*          1    00006200    00000034     UNINITIALIZED
                  00006200    00000034     DSP2833x_GlobalVariableDefs.obj (ECanbRegsFile)

ECanbLAMRegsFile 
*          1    00006240    00000040     UNINITIALIZED
                  00006240    00000040     DSP2833x_GlobalVariableDefs.obj (ECanbLAMRegsFile)

ECanbMOTSRegsFile 
*          1    00006280    00000040     UNINITIALIZED
                  00006280    00000040     DSP2833x_GlobalVariableDefs.obj (ECanbMOTSRegsFile)

ECanbMOTORegsFile 
*          1    000062c0    00000040     UNINITIALIZED
                  000062c0    00000040     DSP2833x_GlobalVariableDefs.obj (ECanbMOTORegsFile)

ECanbMboxesFile 
*          1    00006300    00000100     UNINITIALIZED
                  00006300    00000100     DSP2833x_GlobalVariableDefs.obj (ECanbMboxesFile)

EPwm1RegsFile 
*          1    00006800    00000022     UNINITIALIZED
                  00006800    00000022     DSP2833x_GlobalVariableDefs.obj (EPwm1RegsFile)

EPwm2RegsFile 
*          1    00006840    00000022     UNINITIALIZED
                  00006840    00000022     DSP2833x_GlobalVariableDefs.obj (EPwm2RegsFile)

EPwm3RegsFile 
*          1    00006880    00000022     UNINITIALIZED
                  00006880    00000022     DSP2833x_GlobalVariableDefs.obj (EPwm3RegsFile)

EPwm4RegsFile 
*          1    000068c0    00000022     UNINITIALIZED
                  000068c0    00000022     DSP2833x_GlobalVariableDefs.obj (EPwm4RegsFile)

EPwm5RegsFile 
*          1    00006900    00000022     UNINITIALIZED
                  00006900    00000022     DSP2833x_GlobalVariableDefs.obj (EPwm5RegsFile)

EPwm6RegsFile 
*          1    00006940    00000022     UNINITIALIZED
                  00006940    00000022     DSP2833x_GlobalVariableDefs.obj (EPwm6RegsFile)

ECap1RegsFile 
*          1    00006a00    00000020     UNINITIALIZED
                  00006a00    00000020     DSP2833x_GlobalVariableDefs.obj (ECap1RegsFile)

ECap2RegsFile 
*          1    00006a20    00000020     UNINITIALIZED
                  00006a20    00000020     DSP2833x_GlobalVariableDefs.obj (ECap2RegsFile)

ECap3RegsFile 
*          1    00006a40    00000020     UNINITIALIZED
                  00006a40    00000020     DSP2833x_GlobalVariableDefs.obj (ECap3RegsFile)

ECap4RegsFile 
*          1    00006a60    00000020     UNINITIALIZED
                  00006a60    00000020     DSP2833x_GlobalVariableDefs.obj (ECap4RegsFile)

ECap5RegsFile 
*          1    00006a80    00000020     UNINITIALIZED
                  00006a80    00000020     DSP2833x_GlobalVariableDefs.obj (ECap5RegsFile)

ECap6RegsFile 
*          1    00006aa0    00000020     UNINITIALIZED
                  00006aa0    00000020     DSP2833x_GlobalVariableDefs.obj (ECap6RegsFile)

EQep1RegsFile 
*          1    00006b00    00000040     UNINITIALIZED
                  00006b00    00000040     DSP2833x_GlobalVariableDefs.obj (EQep1RegsFile)

EQep2RegsFile 
*          1    00006b40    00000040     UNINITIALIZED
                  00006b40    00000040     DSP2833x_GlobalVariableDefs.obj (EQep2RegsFile)

GpioCtrlRegsFile 
*          1    00006f80    0000002e     UNINITIALIZED
                  00006f80    0000002e     DSP2833x_GlobalVariableDefs.obj (GpioCtrlRegsFile)

GpioDataRegsFile 
*          1    00006fc0    00000020     UNINITIALIZED
                  00006fc0    00000020     DSP2833x_GlobalVariableDefs.obj (GpioDataRegsFile)

GpioIntRegsFile 
*          1    00006fe0    0000000a     UNINITIALIZED
                  00006fe0    0000000a     DSP2833x_GlobalVariableDefs.obj (GpioIntRegsFile)

SysCtrlRegsFile 
*          1    00007010    00000020     UNINITIALIZED
                  00007010    00000020     DSP2833x_GlobalVariableDefs.obj (SysCtrlRegsFile)

SpiaRegsFile 
*          1    00007040    00000010     UNINITIALIZED
                  00007040    00000010     DSP2833x_GlobalVariableDefs.obj (SpiaRegsFile)

SciaRegsFile 
*          1    00007050    00000010     UNINITIALIZED
                  00007050    00000010     DSP2833x_GlobalVariableDefs.obj (SciaRegsFile)

XIntruptRegsFile 
*          1    00007070    00000010     UNINITIALIZED
                  00007070    00000010     DSP2833x_GlobalVariableDefs.obj (XIntruptRegsFile)

AdcRegsFile 
*          1    00007100    0000001e     UNINITIALIZED
                  00007100    0000001e     DSP2833x_GlobalVariableDefs.obj (AdcRegsFile)

ScibRegsFile 
*          1    00007750    00000010     UNINITIALIZED
                  00007750    00000010     DSP2833x_GlobalVariableDefs.obj (ScibRegsFile)

ScicRegsFile 
*          1    00007770    00000010     UNINITIALIZED
                  00007770    00000010     DSP2833x_GlobalVariableDefs.obj (ScicRegsFile)

I2caRegsFile 
*          1    00007900    00000022     UNINITIALIZED
                  00007900    00000022     DSP2833x_GlobalVariableDefs.obj (I2caRegsFile)

.ebss      1    0000c000    00000948     UNINITIALIZED
                  0000c000    00000940     LCD12864.obj (.ebss)
                  0000c940    00000004     rts2800_fpu32.lib : _lock.obj (.ebss)
                  0000c944    00000004                       : exit.obj (.ebss)

.econst    1    0000d000    00000100     
                  0000d000    00000100     DSP2833x_PieVect.obj (.econst)

CsmPwlFile 
*          1    0033fff8    00000008     UNINITIALIZED
                  0033fff8    00000008     DSP2833x_GlobalVariableDefs.obj (CsmPwlFile)

PartIdRegsFile 
*          1    00380090    00000001     UNINITIALIZED
                  00380090    00000001     DSP2833x_GlobalVariableDefs.obj (PartIdRegsFile)


GLOBAL SYMBOLS: SORTED ALPHABETICALLY BY Name 

address    name
--------   ----
00009000   .text
0000992a   C$$EXIT
0000c040   _AC_TABLE
00009466   _ADCINT_ISR
00380080   _ADC_cal
00000b00   _AdcMirror
00007100   _AdcRegs
00000c00   _CpuTimer0Regs
00000c08   _CpuTimer1Regs
00000c10   _CpuTimer2Regs
0033fff8   _CsmPwl
00000ae0   _CsmRegs
00009852   _CsmUnlock
00009394   _DATALOG_ISR
00009588   _DINTCH1_ISR
00009592   _DINTCH2_ISR
0000959c   _DINTCH3_ISR
000095a6   _DINTCH4_ISR
000095b0   _DINTCH5_ISR
000095ba   _DINTCH6_ISR
00009976   _DSP28x_DisableInt
0000997a   _DSP28x_RestoreInt
00008765   _DSP28x_usDelay
000092db   _Delay
00000880   _DevEmuRegs
000097a3   _DisableDog
00009114   _DispCHN
00009158   _DispENG
00009204   _DispFig
00009289   _DispFig8
000091c0   _DispFigData
00009228   _DispFigTest
00009265   _DispFigUd
00001000   _DmaRegs
00009614   _ECAN0INTA_ISR
00009628   _ECAN0INTB_ISR
0000961e   _ECAN1INTA_ISR
00009632   _ECAN1INTB_ISR
000094fc   _ECAP1_INT_ISR
00009506   _ECAP2_INT_ISR
00009510   _ECAP3_INT_ISR
0000951a   _ECAP4_INT_ISR
00009524   _ECAP5_INT_ISR
0000952e   _ECAP6_INT_ISR
00006040   _ECanaLAMRegs
000060c0   _ECanaMOTORegs
00006080   _ECanaMOTSRegs
00006100   _ECanaMboxes
00006000   _ECanaRegs
00006240   _ECanbLAMRegs
000062c0   _ECanbMOTORegs
00006280   _ECanbMOTSRegs
00006300   _ECanbMboxes
00006200   _ECanbRegs
00006a00   _ECap1Regs
00006a20   _ECap2Regs
00006a40   _ECap3Regs
00006a60   _ECap4Regs
00006a80   _ECap5Regs
00006aa0   _ECap6Regs
000093a8   _EMUINT_ISR
000094c0   _EPWM1_INT_ISR
00009484   _EPWM1_TZINT_ISR
000094ca   _EPWM2_INT_ISR
0000948e   _EPWM2_TZINT_ISR
000094d4   _EPWM3_INT_ISR
00009498   _EPWM3_TZINT_ISR
000094de   _EPWM4_INT_ISR
000094a2   _EPWM4_TZINT_ISR
000094e8   _EPWM5_INT_ISR
000094ac   _EPWM5_TZINT_ISR
000094f2   _EPWM6_INT_ISR
000094b6   _EPWM6_TZINT_ISR
00006800   _EPwm1Regs
00006840   _EPwm2Regs
00006880   _EPwm3Regs
000068c0   _EPwm4Regs
00006900   _EPwm5Regs
00006940   _EPwm6Regs
00009538   _EQEP1_INT_ISR
00009542   _EQEP2_INT_ISR
00006b00   _EQep1Regs
00006b40   _EQep2Regs
000098e8   _EnableInterrupts
00000a80   _FlashRegs
00006f80   _GpioCtrlRegs
00006fc0   _GpioDataRegs
00006fe0   _GpioIntRegs
000095c4   _I2CINT1A_ISR
000095ce   _I2CINT2A_ISR
00007900   _I2caRegs
000093bc   _ILLEGAL_ISR
00009380   _INT13_ISR
0000938a   _INT14_ISR
0000874a   _InitFlash
00009943   _InitGpio
00009322   _InitLcd
000090ce   _InitLcdFun
00009000   _InitLcdGpio
000097f7   _InitPeripheralClocks
000098c9   _InitPieCtrl
000098f1   _InitPieVectTable
000097ab   _InitPll
00009790   _InitSysCtrl
00009696   _InitXintf
00009736   _InitXintf16Gpio
000096ef   _InitXintf32Gpio
0000c002   _Key
00009678   _LUF_ISR
0000966e   _LVF_ISR
000090f2   _LcdClearBmp
000090de   _LcdClearTxt
000092f2   _LcdDelay
00009574   _MRINTA_ISR
00009560   _MRINTB_ISR
0000957e   _MXINTA_ISR
0000956a   _MXINTB_ISR
00005000   _McbspaRegs
00005040   _McbspbRegs
000093b2   _NMI_ISR
00009682   _PIE_RESERVED
00380090   _PartIdRegs
00000ce0   _PieCtrlRegs
00000d00   _PieVectTable
0000d000   _PieVectTableInit
0000939e   _RTOSINT_ISR
000095ec   _SCIRXINTA_ISR
00009600   _SCIRXINTB_ISR
000095d8   _SCIRXINTC_ISR
000095f6   _SCITXINTA_ISR
0000960a   _SCITXINTB_ISR
000095e2   _SCITXINTC_ISR
0000943e   _SEQ1INT_ISR
00009448   _SEQ2INT_ISR
0000954c   _SPIRXINTA_ISR
00009556   _SPITXINTA_ISR
00007050   _SciaRegs
00007750   _ScibRegs
00007770   _ScicRegs
00009799   _ServiceDog
00007040   _SpiaRegs
00007010   _SysCtrlRegs
00009470   _TINT0_ISR
00009337   _TestLcd
00009420   _USER10_ISR
0000942a   _USER11_ISR
00009434   _USER12_ISR
000093c6   _USER1_ISR
000093d0   _USER2_ISR
000093da   _USER3_ISR
000093e4   _USER4_ISR
000093ee   _USER5_ISR
000093f8   _USER6_ISR
00009402   _USER7_ISR
0000940c   _USER8_ISR
00009416   _USER9_ISR
0000947a   _WAKEINT_ISR
00009036   _WriteByte
00009082   _WriteLcdCmd
000090a8   _WriteLcdData
00009452   _XINT1_ISR
0000945c   _XINT2_ISR
0000963c   _XINT3_ISR
00009646   _XINT4_ISR
00009650   _XINT5_ISR
0000965a   _XINT6_ISR
00009664   _XINT7_ISR
00007070   _XIntruptRegs
00000b20   _XintfRegs
00000700   __STACK_END
00000300   __STACK_SIZE
00000001   __TI_args_main
ffffffff   ___binit__
ffffffff   ___c_args__
00008000   ___cinit__
0000997d   ___etext__
ffffffff   ___pinit__
00009000   ___text__
00009911   __args_main
0000c944   __cleanup_ptr
0000c946   __dtors_ptr
0000c942   __lock
00009975   __nop
00009971   __register_lock
0000996d   __register_unlock
00000400   __stack
0000c940   __unlock
0000992a   _abort
00009883   _c_int00
00009313   _delay_loop
0000992c   _exit
0000c340   _fig
0000c140   _fig1
0000c004   _i
0000c001   _j
0000c019   _jju
0000c540   _jju_fig8
0000c003   _k
0000995a   _main
0000c013   _point1
0000c00f   _point10
0000c007   _point2
0000c017   _point3
0000c015   _point4
0000c00d   _point5
0000c005   _point6
0000c011   _point7
0000c00b   _point8
0000c009   _point9
0000968c   _rsvd_ISR
0000c060   _sign
0000c0c0   _str1
0000c01d   _str2
0000c080   _str_ENG
0000c000   _temp
ffffffff   binit
00008000   cinit
0000997d   etext
ffffffff   pinit


GLOBAL SYMBOLS: SORTED BY Symbol Address 

address    name
--------   ----
00000001   __TI_args_main
00000300   __STACK_SIZE
00000400   __stack
00000700   __STACK_END
00000880   _DevEmuRegs
00000a80   _FlashRegs
00000ae0   _CsmRegs
00000b00   _AdcMirror
00000b20   _XintfRegs
00000c00   _CpuTimer0Regs
00000c08   _CpuTimer1Regs
00000c10   _CpuTimer2Regs
00000ce0   _PieCtrlRegs
00000d00   _PieVectTable
00001000   _DmaRegs
00005000   _McbspaRegs
00005040   _McbspbRegs
00006000   _ECanaRegs
00006040   _ECanaLAMRegs
00006080   _ECanaMOTSRegs
000060c0   _ECanaMOTORegs
00006100   _ECanaMboxes
00006200   _ECanbRegs
00006240   _ECanbLAMRegs
00006280   _ECanbMOTSRegs
000062c0   _ECanbMOTORegs
00006300   _ECanbMboxes
00006800   _EPwm1Regs
00006840   _EPwm2Regs
00006880   _EPwm3Regs
000068c0   _EPwm4Regs
00006900   _EPwm5Regs
00006940   _EPwm6Regs
00006a00   _ECap1Regs
00006a20   _ECap2Regs
00006a40   _ECap3Regs
00006a60   _ECap4Regs
00006a80   _ECap5Regs
00006aa0   _ECap6Regs
00006b00   _EQep1Regs
00006b40   _EQep2Regs
00006f80   _GpioCtrlRegs
00006fc0   _GpioDataRegs
00006fe0   _GpioIntRegs
00007010   _SysCtrlRegs
00007040   _SpiaRegs
00007050   _SciaRegs
00007070   _XIntruptRegs
00007100   _AdcRegs
00007750   _ScibRegs
00007770   _ScicRegs
00007900   _I2caRegs
00008000   ___cinit__
00008000   cinit
0000874a   _InitFlash
00008765   _DSP28x_usDelay
00009000   .text
00009000   _InitLcdGpio
00009000   ___text__
00009036   _WriteByte
00009082   _WriteLcdCmd
000090a8   _WriteLcdData
000090ce   _InitLcdFun
000090de   _LcdClearTxt
000090f2   _LcdClearBmp
00009114   _DispCHN
00009158   _DispENG
000091c0   _DispFigData
00009204   _DispFig
00009228   _DispFigTest
00009265   _DispFigUd
00009289   _DispFig8
000092db   _Delay
000092f2   _LcdDelay
00009313   _delay_loop
00009322   _InitLcd
00009337   _TestLcd
00009380   _INT13_ISR
0000938a   _INT14_ISR
00009394   _DATALOG_ISR
0000939e   _RTOSINT_ISR
000093a8   _EMUINT_ISR
000093b2   _NMI_ISR
000093bc   _ILLEGAL_ISR
000093c6   _USER1_ISR
000093d0   _USER2_ISR
000093da   _USER3_ISR
000093e4   _USER4_ISR
000093ee   _USER5_ISR
000093f8   _USER6_ISR
00009402   _USER7_ISR
0000940c   _USER8_ISR
00009416   _USER9_ISR
00009420   _USER10_ISR
0000942a   _USER11_ISR
00009434   _USER12_ISR
0000943e   _SEQ1INT_ISR
00009448   _SEQ2INT_ISR
00009452   _XINT1_ISR
0000945c   _XINT2_ISR
00009466   _ADCINT_ISR
00009470   _TINT0_ISR
0000947a   _WAKEINT_ISR
00009484   _EPWM1_TZINT_ISR
0000948e   _EPWM2_TZINT_ISR
00009498   _EPWM3_TZINT_ISR
000094a2   _EPWM4_TZINT_ISR
000094ac   _EPWM5_TZINT_ISR
000094b6   _EPWM6_TZINT_ISR
000094c0   _EPWM1_INT_ISR
000094ca   _EPWM2_INT_ISR
000094d4   _EPWM3_INT_ISR
000094de   _EPWM4_INT_ISR
000094e8   _EPWM5_INT_ISR
000094f2   _EPWM6_INT_ISR
000094fc   _ECAP1_INT_ISR
00009506   _ECAP2_INT_ISR
00009510   _ECAP3_INT_ISR
0000951a   _ECAP4_INT_ISR
00009524   _ECAP5_INT_ISR
0000952e   _ECAP6_INT_ISR
00009538   _EQEP1_INT_ISR
00009542   _EQEP2_INT_ISR
0000954c   _SPIRXINTA_ISR
00009556   _SPITXINTA_ISR
00009560   _MRINTB_ISR
0000956a   _MXINTB_ISR
00009574   _MRINTA_ISR
0000957e   _MXINTA_ISR
00009588   _DINTCH1_ISR
00009592   _DINTCH2_ISR
0000959c   _DINTCH3_ISR
000095a6   _DINTCH4_ISR
000095b0   _DINTCH5_ISR
000095ba   _DINTCH6_ISR
000095c4   _I2CINT1A_ISR
000095ce   _I2CINT2A_ISR
000095d8   _SCIRXINTC_ISR
000095e2   _SCITXINTC_ISR
000095ec   _SCIRXINTA_ISR
000095f6   _SCITXINTA_ISR
00009600   _SCIRXINTB_ISR
0000960a   _SCITXINTB_ISR
00009614   _ECAN0INTA_ISR
0000961e   _ECAN1INTA_ISR
00009628   _ECAN0INTB_ISR
00009632   _ECAN1INTB_ISR
0000963c   _XINT3_ISR
00009646   _XINT4_ISR
00009650   _XINT5_ISR
0000965a   _XINT6_ISR
00009664   _XINT7_ISR
0000966e   _LVF_ISR
00009678   _LUF_ISR
00009682   _PIE_RESERVED
0000968c   _rsvd_ISR
00009696   _InitXintf
000096ef   _InitXintf32Gpio
00009736   _InitXintf16Gpio
00009790   _InitSysCtrl
00009799   _ServiceDog
000097a3   _DisableDog
000097ab   _InitPll
000097f7   _InitPeripheralClocks
00009852   _CsmUnlock
00009883   _c_int00
000098c9   _InitPieCtrl
000098e8   _EnableInterrupts
000098f1   _InitPieVectTable
00009911   __args_main
0000992a   C$$EXIT
0000992a   _abort
0000992c   _exit
00009943   _InitGpio
0000995a   _main
0000996d   __register_unlock
00009971   __register_lock
00009975   __nop
00009976   _DSP28x_DisableInt
0000997a   _DSP28x_RestoreInt
0000997d   ___etext__
0000997d   etext
0000c000   _temp
0000c001   _j
0000c002   _Key
0000c003   _k
0000c004   _i
0000c005   _point6
0000c007   _point2
0000c009   _point9
0000c00b   _point8
0000c00d   _point5
0000c00f   _point10
0000c011   _point7
0000c013   _point1
0000c015   _point4
0000c017   _point3
0000c019   _jju
0000c01d   _str2
0000c040   _AC_TABLE
0000c060   _sign
0000c080   _str_ENG
0000c0c0   _str1
0000c140   _fig1
0000c340   _fig
0000c540   _jju_fig8
0000c940   __unlock
0000c942   __lock
0000c944   __cleanup_ptr
0000c946   __dtors_ptr
0000d000   _PieVectTableInit
0033fff8   _CsmPwl
00380080   _ADC_cal
00380090   _PartIdRegs
ffffffff   ___binit__
ffffffff   ___c_args__
ffffffff   ___pinit__
ffffffff   binit
ffffffff   pinit

[219 symbols]
