******************************************************************************
             TMS320C2000 Linker PC v6.1.0                      
******************************************************************************
>> Linked Wed Dec 09 15:28:44 2015

OUTPUT FILE NAME:   <Copy ofwuzhibin.out>
ENTRY POINT SYMBOL: "_c_int00"  address: 00009b5e


MEMORY CONFIGURATION

         name            origin    length      used     unused   attr    fill
----------------------  --------  ---------  --------  --------  ----  --------
PAGE 0:
  BEGIN                 00000000   00000002  00000002  00000000  RWIX
  RAMM0                 00000050   000003b0  00000000  000003b0  RWIX
  RAML0                 00008000   00001000  00000082  00000f7e  RWIX
  RAML1                 00009000   00001000  00000cc7  00000339  RWIX
  RAML2                 0000a000   00001000  00000000  00001000  RWIX
  RAML3                 0000b000   00001000  00000000  00001000  RWIX
  ZONE7A                00200000   0000fc00  00000000  0000fc00  RWIX
  CSM_RSVD              0033ff80   00000076  00000000  00000076  RWIX
  CSM_PWL               0033fff8   00000008  00000000  00000008  RWIX
  ADC_CAL               00380080   00000009  00000007  00000002  RWIX
  IQTABLES              003fe000   00000b50  00000000  00000b50  RWIX
  IQTABLES2             003feb50   0000008c  00000000  0000008c  RWIX
  FPUTABLES             003febdc   000006a0  00000000  000006a0  RWIX
  BOOTROM               003ff27c   00000d44  00000000  00000d44  RWIX
  RESET                 003fffc0   00000002  00000000  00000002  RWIX

PAGE 1:
  BOOT_RSVD             00000002   0000004e  00000000  0000004e  RWIX
  RAMM1                 00000400   00000400  00000300  00000100  RWIX
  DEV_EMU               00000880   00000180  000000d0  000000b0  RWIX
  FLASH_REGS            00000a80   00000060  00000008  00000058  RWIX
  CSM                   00000ae0   00000010  00000010  00000000  RWIX
  ADC_MIRROR            00000b00   00000010  00000010  00000000  RWIX
  XINTF                 00000b20   00000020  0000001e  00000002  RWIX
  CPU_TIMER0            00000c00   00000008  00000008  00000000  RWIX
  CPU_TIMER1            00000c08   00000008  00000008  00000000  RWIX
  CPU_TIMER2            00000c10   00000008  00000008  00000000  RWIX
  PIE_CTRL              00000ce0   00000020  0000001a  00000006  RWIX
  PIE_VECT              00000d00   00000100  00000100  00000000  RWIX
  DMA                   00001000   00000200  000000e0  00000120  RWIX
  MCBSPA                00005000   00000040  00000025  0000001b  RWIX
  MCBSPB                00005040   00000040  00000025  0000001b  RWIX
  ECANA                 00006000   00000040  00000034  0000000c  RWIX
  ECANA_LAM             00006040   00000040  00000040  00000000  RWIX
  ECANA_MOTS            00006080   00000040  00000040  00000000  RWIX
  ECANA_MOTO            000060c0   00000040  00000040  00000000  RWIX
  ECANA_MBOX            00006100   00000100  00000100  00000000  RWIX
  ECANB                 00006200   00000040  00000034  0000000c  RWIX
  ECANB_LAM             00006240   00000040  00000040  00000000  RWIX
  ECANB_MOTS            00006280   00000040  00000040  00000000  RWIX
  ECANB_MOTO            000062c0   00000040  00000040  00000000  RWIX
  ECANB_MBOX            00006300   00000100  00000100  00000000  RWIX
  EPWM1                 00006800   00000022  00000022  00000000  RWIX
  EPWM2                 00006840   00000022  00000022  00000000  RWIX
  EPWM3                 00006880   00000022  00000022  00000000  RWIX
  EPWM4                 000068c0   00000022  00000022  00000000  RWIX
  EPWM5                 00006900   00000022  00000022  00000000  RWIX
  EPWM6                 00006940   00000022  00000022  00000000  RWIX
  ECAP1                 00006a00   00000020  00000020  00000000  RWIX
  ECAP2                 00006a20   00000020  00000020  00000000  RWIX
  ECAP3                 00006a40   00000020  00000020  00000000  RWIX
  ECAP4                 00006a60   00000020  00000020  00000000  RWIX
  ECAP5                 00006a80   00000020  00000020  00000000  RWIX
  ECAP6                 00006aa0   00000020  00000020  00000000  RWIX
  EQEP1                 00006b00   00000040  00000040  00000000  RWIX
  EQEP2                 00006b40   00000040  00000040  00000000  RWIX
  GPIOCTRL              00006f80   00000040  0000002e  00000012  RWIX
  GPIODAT               00006fc0   00000020  00000020  00000000  RWIX
  GPIOINT               00006fe0   00000020  0000000a  00000016  RWIX
  SYSTEM                00007010   00000020  00000020  00000000  RWIX
  SPIA                  00007040   00000010  00000010  00000000  RWIX
  SCIA                  00007050   00000010  00000010  00000000  RWIX
  XINTRUPT              00007070   00000010  00000010  00000000  RWIX
  ADC                   00007100   00000020  0000001e  00000002  RWIX
  SCIB                  00007750   00000010  00000010  00000000  RWIX
  SCIC                  00007770   00000010  00000010  00000000  RWIX
  I2CA                  00007900   00000040  00000022  0000001e  RWIX
  RAML4                 0000c000   00001000  00000058  00000fa8  RWIX
  RAML5                 0000d000   00001000  00000110  00000ef0  RWIX
  RAML6                 0000e000   00001000  00000000  00001000  RWIX
  RAML7                 0000f000   00001000  00000000  00001000  RWIX
  ZONE7B                0020fc00   00000400  00000000  00000400  RWIX
  CSM_PWL               0033fff8   00000008  00000008  00000000  RWIX
  PARTID                00380090   00000001  00000001  00000000  RWIX


SECTION ALLOCATION MAP

 output                                  attributes/
section   page    origin      length       input sections
--------  ----  ----------  ----------   ----------------
codestart 
*          0    00000000    00000002     
                  00000000    00000002     DSP2833x_CodeStartBranch.obj (codestart)

.pinit     0    00008000    00000000     UNINITIALIZED

.cinit     0    00008000    00000063     
                  00008000    0000004d     KEY.obj (.cinit)
                  0000804d    0000000a     rts2800_fpu32.lib : _lock.obj (.cinit)
                  00008057    0000000a                       : exit.obj (.cinit)
                  00008061    00000002     --HOLE-- [fill = 0]

ramfuncs   0    00008063    0000001f     
                  00008063    0000001b     DSP2833x_SysCtrl.obj (ramfuncs)
                  0000807e    00000004     DSP2833x_usDelay.obj (ramfuncs)

.text      0    00009000    00000cc7     
                  00009000    0000042b     KEY.obj (.text)
                  0000942b    00000316     DSP2833x_DefaultIsr.obj (.text:retain)
                  00009741    0000016c     DSP2833x_Mcbsp.obj (.text)
                  000098ad    000000fa     DSP2833x_Xintf.obj (.text)
                  000099a7    000000f3     DSP2833x_SysCtrl.obj (.text)
                  00009a9a    0000007c     DSP2833x_CpuTimers.obj (.text)
                  00009b16    00000048     DSP2833x_Sci.obj (.text)
                  00009b5e    00000046     rts2800_fpu32.lib : boot.obj (.text)
                  00009ba4    0000002c     DSP2833x_Spi.obj (.text)
                  00009bd0    00000028     DSP2833x_PieCtrl.obj (.text)
                  00009bf8    00000022     rts2800_fpu32.lib : i_div.obj (.text)
                  00009c1a    00000020     DSP2833x_PieVect.obj (.text)
                  00009c3a    00000019     rts2800_fpu32.lib : args_main.obj (.text)
                  00009c53    00000019                       : exit.obj (.text)
                  00009c6c    00000017     DSP2833x_Gpio.obj (.text)
                  00009c83    00000015     DSP2833x_MemCopy.obj (.text)
                  00009c98    00000014     DSP2833x_Adc.obj (.text)
                  00009cac    00000009     rts2800_fpu32.lib : _lock.obj (.text)
                  00009cb5    00000008     DSP2833x_CodeStartBranch.obj (.text)
                  00009cbd    00000007     DSP2833x_DisInt.obj (.text)
                  00009cc4    00000003     DSP2833x_DBGIER.obj (.text)

csm_rsvd   0    0033ff80    00000076     DSECT
                  0033ff80    00000076     DSP2833x_CSMPasswords.obj (csm_rsvd)

csmpasswds 
*          0    0033fff8    00000008     DSECT
                  0033fff8    00000008     DSP2833x_CSMPasswords.obj (csmpasswds)

.adc_cal   0    00380080    00000007     NOLOAD SECTION
                  00380080    00000007     DSP2833x_ADC_cal.obj (.adc_cal)

.reset     0    003fffc0    00000002     DSECT
                  003fffc0    00000002     rts2800_fpu32.lib : boot.obj (.reset)

.stack     1    00000400    00000300     UNINITIALIZED
                  00000400    00000300     --HOLE--

DevEmuRegsFile 
*          1    00000880    000000d0     UNINITIALIZED
                  00000880    000000d0     DSP2833x_GlobalVariableDefs.obj (DevEmuRegsFile)

FlashRegsFile 
*          1    00000a80    00000008     UNINITIALIZED
                  00000a80    00000008     DSP2833x_GlobalVariableDefs.obj (FlashRegsFile)

CsmRegsFile 
*          1    00000ae0    00000010     UNINITIALIZED
                  00000ae0    00000010     DSP2833x_GlobalVariableDefs.obj (CsmRegsFile)

AdcMirrorFile 
*          1    00000b00    00000010     UNINITIALIZED
                  00000b00    00000010     DSP2833x_GlobalVariableDefs.obj (AdcMirrorFile)

XintfRegsFile 
*          1    00000b20    0000001e     UNINITIALIZED
                  00000b20    0000001e     DSP2833x_GlobalVariableDefs.obj (XintfRegsFile)

CpuTimer0RegsFile 
*          1    00000c00    00000008     UNINITIALIZED
                  00000c00    00000008     DSP2833x_GlobalVariableDefs.obj (CpuTimer0RegsFile)

CpuTimer1RegsFile 
*          1    00000c08    00000008     UNINITIALIZED
                  00000c08    00000008     DSP2833x_GlobalVariableDefs.obj (CpuTimer1RegsFile)

CpuTimer2RegsFile 
*          1    00000c10    00000008     UNINITIALIZED
                  00000c10    00000008     DSP2833x_GlobalVariableDefs.obj (CpuTimer2RegsFile)

PieCtrlRegsFile 
*          1    00000ce0    0000001a     UNINITIALIZED
                  00000ce0    0000001a     DSP2833x_GlobalVariableDefs.obj (PieCtrlRegsFile)

PieVectTableFile 
*          1    00000d00    00000100     UNINITIALIZED
                  00000d00    00000100     DSP2833x_GlobalVariableDefs.obj (PieVectTableFile)

DmaRegsFile 
*          1    00001000    000000e0     UNINITIALIZED
                  00001000    000000e0     DSP2833x_GlobalVariableDefs.obj (DmaRegsFile)

McbspaRegsFile 
*          1    00005000    00000025     UNINITIALIZED
                  00005000    00000025     DSP2833x_GlobalVariableDefs.obj (McbspaRegsFile)

McbspbRegsFile 
*          1    00005040    00000025     UNINITIALIZED
                  00005040    00000025     DSP2833x_GlobalVariableDefs.obj (McbspbRegsFile)

ECanaRegsFile 
*          1    00006000    00000034     UNINITIALIZED
                  00006000    00000034     DSP2833x_GlobalVariableDefs.obj (ECanaRegsFile)

ECanaLAMRegsFile 
*          1    00006040    00000040     UNINITIALIZED
                  00006040    00000040     DSP2833x_GlobalVariableDefs.obj (ECanaLAMRegsFile)

ECanaMOTSRegsFile 
*          1    00006080    00000040     UNINITIALIZED
                  00006080    00000040     DSP2833x_GlobalVariableDefs.obj (ECanaMOTSRegsFile)

ECanaMOTORegsFile 
*          1    000060c0    00000040     UNINITIALIZED
                  000060c0    00000040     DSP2833x_GlobalVariableDefs.obj (ECanaMOTORegsFile)

ECanaMboxesFile 
*          1    00006100    00000100     UNINITIALIZED
                  00006100    00000100     DSP2833x_GlobalVariableDefs.obj (ECanaMboxesFile)

ECanbRegsFile 
*          1    00006200    00000034     UNINITIALIZED
                  00006200    00000034     DSP2833x_GlobalVariableDefs.obj (ECanbRegsFile)

ECanbLAMRegsFile 
*          1    00006240    00000040     UNINITIALIZED
                  00006240    00000040     DSP2833x_GlobalVariableDefs.obj (ECanbLAMRegsFile)

ECanbMOTSRegsFile 
*          1    00006280    00000040     UNINITIALIZED
                  00006280    00000040     DSP2833x_GlobalVariableDefs.obj (ECanbMOTSRegsFile)

ECanbMOTORegsFile 
*          1    000062c0    00000040     UNINITIALIZED
                  000062c0    00000040     DSP2833x_GlobalVariableDefs.obj (ECanbMOTORegsFile)

ECanbMboxesFile 
*          1    00006300    00000100     UNINITIALIZED
                  00006300    00000100     DSP2833x_GlobalVariableDefs.obj (ECanbMboxesFile)

EPwm1RegsFile 
*          1    00006800    00000022     UNINITIALIZED
                  00006800    00000022     DSP2833x_GlobalVariableDefs.obj (EPwm1RegsFile)

EPwm2RegsFile 
*          1    00006840    00000022     UNINITIALIZED
                  00006840    00000022     DSP2833x_GlobalVariableDefs.obj (EPwm2RegsFile)

EPwm3RegsFile 
*          1    00006880    00000022     UNINITIALIZED
                  00006880    00000022     DSP2833x_GlobalVariableDefs.obj (EPwm3RegsFile)

EPwm4RegsFile 
*          1    000068c0    00000022     UNINITIALIZED
                  000068c0    00000022     DSP2833x_GlobalVariableDefs.obj (EPwm4RegsFile)

EPwm5RegsFile 
*          1    00006900    00000022     UNINITIALIZED
                  00006900    00000022     DSP2833x_GlobalVariableDefs.obj (EPwm5RegsFile)

EPwm6RegsFile 
*          1    00006940    00000022     UNINITIALIZED
                  00006940    00000022     DSP2833x_GlobalVariableDefs.obj (EPwm6RegsFile)

ECap1RegsFile 
*          1    00006a00    00000020     UNINITIALIZED
                  00006a00    00000020     DSP2833x_GlobalVariableDefs.obj (ECap1RegsFile)

ECap2RegsFile 
*          1    00006a20    00000020     UNINITIALIZED
                  00006a20    00000020     DSP2833x_GlobalVariableDefs.obj (ECap2RegsFile)

ECap3RegsFile 
*          1    00006a40    00000020     UNINITIALIZED
                  00006a40    00000020     DSP2833x_GlobalVariableDefs.obj (ECap3RegsFile)

ECap4RegsFile 
*          1    00006a60    00000020     UNINITIALIZED
                  00006a60    00000020     DSP2833x_GlobalVariableDefs.obj (ECap4RegsFile)

ECap5RegsFile 
*          1    00006a80    00000020     UNINITIALIZED
                  00006a80    00000020     DSP2833x_GlobalVariableDefs.obj (ECap5RegsFile)

ECap6RegsFile 
*          1    00006aa0    00000020     UNINITIALIZED
                  00006aa0    00000020     DSP2833x_GlobalVariableDefs.obj (ECap6RegsFile)

EQep1RegsFile 
*          1    00006b00    00000040     UNINITIALIZED
                  00006b00    00000040     DSP2833x_GlobalVariableDefs.obj (EQep1RegsFile)

EQep2RegsFile 
*          1    00006b40    00000040     UNINITIALIZED
                  00006b40    00000040     DSP2833x_GlobalVariableDefs.obj (EQep2RegsFile)

GpioCtrlRegsFile 
*          1    00006f80    0000002e     UNINITIALIZED
                  00006f80    0000002e     DSP2833x_GlobalVariableDefs.obj (GpioCtrlRegsFile)

GpioDataRegsFile 
*          1    00006fc0    00000020     UNINITIALIZED
                  00006fc0    00000020     DSP2833x_GlobalVariableDefs.obj (GpioDataRegsFile)

GpioIntRegsFile 
*          1    00006fe0    0000000a     UNINITIALIZED
                  00006fe0    0000000a     DSP2833x_GlobalVariableDefs.obj (GpioIntRegsFile)

SysCtrlRegsFile 
*          1    00007010    00000020     UNINITIALIZED
                  00007010    00000020     DSP2833x_GlobalVariableDefs.obj (SysCtrlRegsFile)

SpiaRegsFile 
*          1    00007040    00000010     UNINITIALIZED
                  00007040    00000010     DSP2833x_GlobalVariableDefs.obj (SpiaRegsFile)

SciaRegsFile 
*          1    00007050    00000010     UNINITIALIZED
                  00007050    00000010     DSP2833x_GlobalVariableDefs.obj (SciaRegsFile)

XIntruptRegsFile 
*          1    00007070    00000010     UNINITIALIZED
                  00007070    00000010     DSP2833x_GlobalVariableDefs.obj (XIntruptRegsFile)

AdcRegsFile 
*          1    00007100    0000001e     UNINITIALIZED
                  00007100    0000001e     DSP2833x_GlobalVariableDefs.obj (AdcRegsFile)

ScibRegsFile 
*          1    00007750    00000010     UNINITIALIZED
                  00007750    00000010     DSP2833x_GlobalVariableDefs.obj (ScibRegsFile)

ScicRegsFile 
*          1    00007770    00000010     UNINITIALIZED
                  00007770    00000010     DSP2833x_GlobalVariableDefs.obj (ScicRegsFile)

I2caRegsFile 
*          1    00007900    00000022     UNINITIALIZED
                  00007900    00000022     DSP2833x_GlobalVariableDefs.obj (I2caRegsFile)

.ebss      1    0000c000    00000058     UNINITIALIZED
                  0000c000    0000002c     KEY.obj (.ebss)
                  0000c02c    00000004     rts2800_fpu32.lib : _lock.obj (.ebss)
                  0000c030    00000004                       : exit.obj (.ebss)
                  0000c034    0000000c     --HOLE--
                  0000c040    00000018     DSP2833x_CpuTimers.obj (.ebss)

.econst    1    0000d000    00000110     
                  0000d000    00000100     DSP2833x_PieVect.obj (.econst)
                  0000d100    00000008     KEY.obj (.econst:_StepMode1)
                  0000d108    00000008     KEY.obj (.econst:_StepMode2)

CsmPwlFile 
*          1    0033fff8    00000008     UNINITIALIZED
                  0033fff8    00000008     DSP2833x_GlobalVariableDefs.obj (CsmPwlFile)

PartIdRegsFile 
*          1    00380090    00000001     UNINITIALIZED
                  00380090    00000001     DSP2833x_GlobalVariableDefs.obj (PartIdRegsFile)


GLOBAL SYMBOLS: SORTED ALPHABETICALLY BY Name 

address    name
--------   ----
00009000   .text
00009c53   C$$EXIT
00009bf8   I$$DIV
00009c09   I$$MOD
00009511   _ADCINT_ISR
00380080   _ADC_cal
00000b00   _AdcMirror
00007100   _AdcRegs
000092e9   _Buzz_Gpio_Init
00009adb   _ConfigCpuTimer
0000c050   _CpuTimer0
00000c00   _CpuTimer0Regs
0000c040   _CpuTimer1
00000c08   _CpuTimer1Regs
0000c048   _CpuTimer2
00000c10   _CpuTimer2Regs
0033fff8   _CsmPwl
00000ae0   _CsmRegs
00009a69   _CsmUnlock
0000943f   _DATALOG_ISR
00009633   _DINTCH1_ISR
0000963d   _DINTCH2_ISR
00009647   _DINTCH3_ISR
00009651   _DINTCH4_ISR
0000965b   _DINTCH5_ISR
00009665   _DINTCH6_ISR
00009cbd   _DSP28x_DisableInt
00009cc1   _DSP28x_RestoreInt
0000807e   _DSP28x_usDelay
00000880   _DevEmuRegs
000099ba   _DisableDog
000091e5   _Disp4Nums
00001000   _DmaRegs
000096bf   _ECAN0INTA_ISR
000096d3   _ECAN0INTB_ISR
000096c9   _ECAN1INTA_ISR
000096dd   _ECAN1INTB_ISR
000095a7   _ECAP1_INT_ISR
000095b1   _ECAP2_INT_ISR
000095bb   _ECAP3_INT_ISR
000095c5   _ECAP4_INT_ISR
000095cf   _ECAP5_INT_ISR
000095d9   _ECAP6_INT_ISR
00006040   _ECanaLAMRegs
000060c0   _ECanaMOTORegs
00006080   _ECanaMOTSRegs
00006100   _ECanaMboxes
00006000   _ECanaRegs
00006240   _ECanbLAMRegs
000062c0   _ECanbMOTORegs
00006280   _ECanbMOTSRegs
00006300   _ECanbMboxes
00006200   _ECanbRegs
00006a00   _ECap1Regs
00006a20   _ECap2Regs
00006a40   _ECap3Regs
00006a60   _ECap4Regs
00006a80   _ECap5Regs
00006aa0   _ECap6Regs
00009453   _EMUINT_ISR
0000956b   _EPWM1_INT_ISR
0000952f   _EPWM1_TZINT_ISR
00009575   _EPWM2_INT_ISR
00009539   _EPWM2_TZINT_ISR
0000957f   _EPWM3_INT_ISR
00009543   _EPWM3_TZINT_ISR
00009589   _EPWM4_INT_ISR
0000954d   _EPWM4_TZINT_ISR
00009593   _EPWM5_INT_ISR
00009557   _EPWM5_TZINT_ISR
0000959d   _EPWM6_INT_ISR
00009561   _EPWM6_TZINT_ISR
00006800   _EPwm1Regs
00006840   _EPwm2Regs
00006880   _EPwm3Regs
000068c0   _EPwm4Regs
00006900   _EPwm5Regs
00006940   _EPwm6Regs
000095e3   _EQEP1_INT_ISR
000095ed   _EQEP2_INT_ISR
00006b00   _EQep1Regs
00006b40   _EQep2Regs
00009bef   _EnableInterrupts
00000a80   _FlashRegs
000090a7   _GetKey
00006f80   _GpioCtrlRegs
00006fc0   _GpioDataRegs
00006fe0   _GpioIntRegs
0000966f   _I2CINT1A_ISR
00009679   _I2CINT2A_ISR
00007900   _I2caRegs
00009467   _ILLEGAL_ISR
0000942b   _INT13_ISR
00009435   _INT14_ISR
00009c98   _InitAdc
00009a9a   _InitCpuTimers
00008063   _InitFlash
00009c6c   _InitGpio
00009741   _InitMcbsp
0000981a   _InitMcbspGpio
00009746   _InitMcbspa
000097a5   _InitMcbspa12bit
000097b0   _InitMcbspa16bit
000097bb   _InitMcbspa20bit
000097c6   _InitMcbspa24bit
000097d1   _InitMcbspa32bit
0000979e   _InitMcbspa8bit
0000981f   _InitMcbspaGpio
00009772   _InitMcbspb
000097e3   _InitMcbspb12bit
000097ee   _InitMcbspb16bit
000097f9   _InitMcbspb20bit
00009804   _InitMcbspb24bit
0000980f   _InitMcbspb32bit
000097dc   _InitMcbspb8bit
00009859   _InitMcbspbGpio
00009a0e   _InitPeripheralClocks
00009bd0   _InitPieCtrl
00009c1a   _InitPieVectTable
000099c2   _InitPll
00009b16   _InitSci
00009b17   _InitSciGpio
00009b1e   _InitSciaGpio
00009b34   _InitScibGpio
00009b48   _InitScicGpio
00009ba4   _InitSpi
00009ba5   _InitSpiGpio
00009ba8   _InitSpiaGpio
000099a7   _InitSysCtrl
000098ad   _InitXintf
0000994d   _InitXintf16Gpio
00009906   _InitXintf32Gpio
000090ba   _Init_KeyGpio
000090f8   _Init_LEDS_Gpio
00009203   _Init_StepMotorGpio
00009019   _KX_AllStatus
0000c000   _KX_On
0000c00f   _KX_Status
0000c00b   _KX_Tim
0000c001   _KY_On
0000c005   _Key
0000c002   _KeyCode
00009370   _KeyScan
0000c017   _Keys
00009723   _LUF_ISR
00009719   _LVF_ISR
0000c006   _LiData
0000c013   _LiData_Bit
00009166   _LiData_Trans
0000c004   _Loop
0000961f   _MRINTA_ISR
0000960b   _MRINTB_ISR
00009629   _MXINTA_ISR
00009615   _MXINTB_ISR
00005000   _McbspaRegs
00005040   _McbspbRegs
00009c83   _MemCopy
00009291   _MotionControl1
000092ba   _MotionControl2
0000945d   _NMI_ISR
0000972d   _PIE_RESERVED
00380090   _PartIdRegs
0000926a   _PhaseOff
00009243   _PhaseOn
00000ce0   _PieCtrlRegs
00000d00   _PieVectTable
0000d000   _PieVectTableInit
00009449   _RTOSINT_ISR
00009032   _Read_KX
0000907b   _Read_KY
00009010   _ResetAllKY
00009065   _Rst_KY
00009697   _SCIRXINTA_ISR
000096ab   _SCIRXINTB_ISR
00009683   _SCIRXINTC_ISR
000096a1   _SCITXINTA_ISR
000096b5   _SCITXINTB_ISR
0000968d   _SCITXINTC_ISR
000094e9   _SEQ1INT_ISR
000094f3   _SEQ2INT_ISR
000095f7   _SPIRXINTA_ISR
00009601   _SPITXINTA_ISR
00007050   _SciaRegs
00007750   _ScibRegs
00007770   _ScicRegs
0000912c   _Sellect_Bit
000099b0   _ServiceDog
000092fb   _Set
00009cc4   _SetDBGIER
0000904f   _Set_KY
00007040   _SpiaRegs
0000d100   _StepMode1
0000d108   _StepMode2
00007010   _SysCtrlRegs
0000951b   _TINT0_ISR
000094cb   _USER10_ISR
000094d5   _USER11_ISR
000094df   _USER12_ISR
00009471   _USER1_ISR
0000947b   _USER2_ISR
00009485   _USER3_ISR
0000948f   _USER4_ISR
00009499   _USER5_ISR
000094a3   _USER6_ISR
000094ad   _USER7_ISR
000094b7   _USER8_ISR
000094c1   _USER9_ISR
00009525   _WAKEINT_ISR
000094fd   _XINT1_ISR
00009507   _XINT2_ISR
000096e7   _XINT3_ISR
000096f1   _XINT4_ISR
000096fb   _XINT5_ISR
00009705   _XINT6_ISR
0000970f   _XINT7_ISR
00007070   _XIntruptRegs
00000b20   _XintfRegs
00000700   __STACK_END
00000300   __STACK_SIZE
00000001   __TI_args_main
ffffffff   ___binit__
ffffffff   ___c_args__
00008000   ___cinit__
00009cc7   ___etext__
ffffffff   ___pinit__
00009000   ___text__
00009c3a   __args_main
0000c030   __cleanup_ptr
0000c032   __dtors_ptr
0000c02e   __lock
00009cb4   __nop
00009cb0   __register_lock
00009cac   __register_unlock
00000400   __stack
0000c02c   __unlock
00009c53   _abort
00009b5e   _c_int00
00009897   _clkg_delay_loop
00009000   _delay
00009881   _delay_loop
00009c55   _exit
0000c007   _i
0000c003   _led_flag
00009331   _main
0000c020   _msg
00009737   _rsvd_ISR
0000c008   _s
000091d6   _spi_fifo_init
000091c9   _spi_init
000091de   _spi_xmit
ffffffff   binit
00008000   cinit
00000000   code_start
00009cc7   etext
ffffffff   pinit


GLOBAL SYMBOLS: SORTED BY Symbol Address 

address    name
--------   ----
00000000   code_start
00000001   __TI_args_main
00000300   __STACK_SIZE
00000400   __stack
00000700   __STACK_END
00000880   _DevEmuRegs
00000a80   _FlashRegs
00000ae0   _CsmRegs
00000b00   _AdcMirror
00000b20   _XintfRegs
00000c00   _CpuTimer0Regs
00000c08   _CpuTimer1Regs
00000c10   _CpuTimer2Regs
00000ce0   _PieCtrlRegs
00000d00   _PieVectTable
00001000   _DmaRegs
00005000   _McbspaRegs
00005040   _McbspbRegs
00006000   _ECanaRegs
00006040   _ECanaLAMRegs
00006080   _ECanaMOTSRegs
000060c0   _ECanaMOTORegs
00006100   _ECanaMboxes
00006200   _ECanbRegs
00006240   _ECanbLAMRegs
00006280   _ECanbMOTSRegs
000062c0   _ECanbMOTORegs
00006300   _ECanbMboxes
00006800   _EPwm1Regs
00006840   _EPwm2Regs
00006880   _EPwm3Regs
000068c0   _EPwm4Regs
00006900   _EPwm5Regs
00006940   _EPwm6Regs
00006a00   _ECap1Regs
00006a20   _ECap2Regs
00006a40   _ECap3Regs
00006a60   _ECap4Regs
00006a80   _ECap5Regs
00006aa0   _ECap6Regs
00006b00   _EQep1Regs
00006b40   _EQep2Regs
00006f80   _GpioCtrlRegs
00006fc0   _GpioDataRegs
00006fe0   _GpioIntRegs
00007010   _SysCtrlRegs
00007040   _SpiaRegs
00007050   _SciaRegs
00007070   _XIntruptRegs
00007100   _AdcRegs
00007750   _ScibRegs
00007770   _ScicRegs
00007900   _I2caRegs
00008000   ___cinit__
00008000   cinit
00008063   _InitFlash
0000807e   _DSP28x_usDelay
00009000   .text
00009000   ___text__
00009000   _delay
00009010   _ResetAllKY
00009019   _KX_AllStatus
00009032   _Read_KX
0000904f   _Set_KY
00009065   _Rst_KY
0000907b   _Read_KY
000090a7   _GetKey
000090ba   _Init_KeyGpio
000090f8   _Init_LEDS_Gpio
0000912c   _Sellect_Bit
00009166   _LiData_Trans
000091c9   _spi_init
000091d6   _spi_fifo_init
000091de   _spi_xmit
000091e5   _Disp4Nums
00009203   _Init_StepMotorGpio
00009243   _PhaseOn
0000926a   _PhaseOff
00009291   _MotionControl1
000092ba   _MotionControl2
000092e9   _Buzz_Gpio_Init
000092fb   _Set
00009331   _main
00009370   _KeyScan
0000942b   _INT13_ISR
00009435   _INT14_ISR
0000943f   _DATALOG_ISR
00009449   _RTOSINT_ISR
00009453   _EMUINT_ISR
0000945d   _NMI_ISR
00009467   _ILLEGAL_ISR
00009471   _USER1_ISR
0000947b   _USER2_ISR
00009485   _USER3_ISR
0000948f   _USER4_ISR
00009499   _USER5_ISR
000094a3   _USER6_ISR
000094ad   _USER7_ISR
000094b7   _USER8_ISR
000094c1   _USER9_ISR
000094cb   _USER10_ISR
000094d5   _USER11_ISR
000094df   _USER12_ISR
000094e9   _SEQ1INT_ISR
000094f3   _SEQ2INT_ISR
000094fd   _XINT1_ISR
00009507   _XINT2_ISR
00009511   _ADCINT_ISR
0000951b   _TINT0_ISR
00009525   _WAKEINT_ISR
0000952f   _EPWM1_TZINT_ISR
00009539   _EPWM2_TZINT_ISR
00009543   _EPWM3_TZINT_ISR
0000954d   _EPWM4_TZINT_ISR
00009557   _EPWM5_TZINT_ISR
00009561   _EPWM6_TZINT_ISR
0000956b   _EPWM1_INT_ISR
00009575   _EPWM2_INT_ISR
0000957f   _EPWM3_INT_ISR
00009589   _EPWM4_INT_ISR
00009593   _EPWM5_INT_ISR
0000959d   _EPWM6_INT_ISR
000095a7   _ECAP1_INT_ISR
000095b1   _ECAP2_INT_ISR
000095bb   _ECAP3_INT_ISR
000095c5   _ECAP4_INT_ISR
000095cf   _ECAP5_INT_ISR
000095d9   _ECAP6_INT_ISR
000095e3   _EQEP1_INT_ISR
000095ed   _EQEP2_INT_ISR
000095f7   _SPIRXINTA_ISR
00009601   _SPITXINTA_ISR
0000960b   _MRINTB_ISR
00009615   _MXINTB_ISR
0000961f   _MRINTA_ISR
00009629   _MXINTA_ISR
00009633   _DINTCH1_ISR
0000963d   _DINTCH2_ISR
00009647   _DINTCH3_ISR
00009651   _DINTCH4_ISR
0000965b   _DINTCH5_ISR
00009665   _DINTCH6_ISR
0000966f   _I2CINT1A_ISR
00009679   _I2CINT2A_ISR
00009683   _SCIRXINTC_ISR
0000968d   _SCITXINTC_ISR
00009697   _SCIRXINTA_ISR
000096a1   _SCITXINTA_ISR
000096ab   _SCIRXINTB_ISR
000096b5   _SCITXINTB_ISR
000096bf   _ECAN0INTA_ISR
000096c9   _ECAN1INTA_ISR
000096d3   _ECAN0INTB_ISR
000096dd   _ECAN1INTB_ISR
000096e7   _XINT3_ISR
000096f1   _XINT4_ISR
000096fb   _XINT5_ISR
00009705   _XINT6_ISR
0000970f   _XINT7_ISR
00009719   _LVF_ISR
00009723   _LUF_ISR
0000972d   _PIE_RESERVED
00009737   _rsvd_ISR
00009741   _InitMcbsp
00009746   _InitMcbspa
00009772   _InitMcbspb
0000979e   _InitMcbspa8bit
000097a5   _InitMcbspa12bit
000097b0   _InitMcbspa16bit
000097bb   _InitMcbspa20bit
000097c6   _InitMcbspa24bit
000097d1   _InitMcbspa32bit
000097dc   _InitMcbspb8bit
000097e3   _InitMcbspb12bit
000097ee   _InitMcbspb16bit
000097f9   _InitMcbspb20bit
00009804   _InitMcbspb24bit
0000980f   _InitMcbspb32bit
0000981a   _InitMcbspGpio
0000981f   _InitMcbspaGpio
00009859   _InitMcbspbGpio
00009881   _delay_loop
00009897   _clkg_delay_loop
000098ad   _InitXintf
00009906   _InitXintf32Gpio
0000994d   _InitXintf16Gpio
000099a7   _InitSysCtrl
000099b0   _ServiceDog
000099ba   _DisableDog
000099c2   _InitPll
00009a0e   _InitPeripheralClocks
00009a69   _CsmUnlock
00009a9a   _InitCpuTimers
00009adb   _ConfigCpuTimer
00009b16   _InitSci
00009b17   _InitSciGpio
00009b1e   _InitSciaGpio
00009b34   _InitScibGpio
00009b48   _InitScicGpio
00009b5e   _c_int00
00009ba4   _InitSpi
00009ba5   _InitSpiGpio
00009ba8   _InitSpiaGpio
00009bd0   _InitPieCtrl
00009bef   _EnableInterrupts
00009bf8   I$$DIV
00009c09   I$$MOD
00009c1a   _InitPieVectTable
00009c3a   __args_main
00009c53   C$$EXIT
00009c53   _abort
00009c55   _exit
00009c6c   _InitGpio
00009c83   _MemCopy
00009c98   _InitAdc
00009cac   __register_unlock
00009cb0   __register_lock
00009cb4   __nop
00009cbd   _DSP28x_DisableInt
00009cc1   _DSP28x_RestoreInt
00009cc4   _SetDBGIER
00009cc7   ___etext__
00009cc7   etext
0000c000   _KX_On
0000c001   _KY_On
0000c002   _KeyCode
0000c003   _led_flag
0000c004   _Loop
0000c005   _Key
0000c006   _LiData
0000c007   _i
0000c008   _s
0000c00b   _KX_Tim
0000c00f   _KX_Status
0000c013   _LiData_Bit
0000c017   _Keys
0000c020   _msg
0000c02c   __unlock
0000c02e   __lock
0000c030   __cleanup_ptr
0000c032   __dtors_ptr
0000c040   _CpuTimer1
0000c048   _CpuTimer2
0000c050   _CpuTimer0
0000d000   _PieVectTableInit
0000d100   _StepMode1
0000d108   _StepMode2
0033fff8   _CsmPwl
00380080   _ADC_cal
00380090   _PartIdRegs
ffffffff   ___binit__
ffffffff   ___c_args__
ffffffff   ___pinit__
ffffffff   binit
ffffffff   pinit

[255 symbols]
