******************************************************************************
             TMS320C2000 Linker PC v18.12.1                    
******************************************************************************
>> Linked Mon Jun 17 21:59:38 2019

OUTPUT FILE NAME:   <ZQ28335_LED_KEY.out>
ENTRY POINT SYMBOL: "_c_int00"  address: 00338878


MEMORY CONFIGURATION

         name            origin    length      used     unused   attr    fill
----------------------  --------  ---------  --------  --------  ----  --------
PAGE 0:
  ZONE0                 00004000   00001000  00000000  00001000  RWIX
  RAML0                 00008000   00001000  0000001f  00000fe1  RWIX
  RAML1                 00009000   00001000  00000000  00001000  RWIX
  RAML2                 0000a000   00001000  00000000  00001000  RWIX
  RAML3                 0000b000   00001000  00000000  00001000  RWIX
  ZONE6A                00100000   0000fc00  00000000  0000fc00  RWIX
  ZONE7                 00200000   00100000  00000000  00100000  RWIX
  FLASHH                00300000   00008000  00000000  00008000  RWIX
  FLASHG                00308000   00008000  00000000  00008000  RWIX
  FLASHF                00310000   00008000  00000000  00008000  RWIX
  FLASHE                00318000   00008000  00000000  00008000  RWIX
  FLASHD                00320000   00008000  0000001f  00007fe1  RWIX
  FLASHC                00328000   00008000  00000000  00008000  RWIX
  FLASHA                00338000   00007f80  00000aec  00007494  RWIX
  CSM_RSVD              0033ff80   00000076  00000076  00000000  RWIX
  BEGIN                 0033fff6   00000002  00000000  00000002  RWIX
  CSM_PWL               0033fff8   00000008  00000008  00000000  RWIX
  ADC_CAL               00380080   00000009  00000007  00000002  RWIX
  OTP                   00380400   00000400  00000000  00000400  RWIX
  IQTABLES              003fe000   00000b50  00000000  00000b50  RWIX
  IQTABLES2             003feb50   0000008c  00000000  0000008c  RWIX
  FPUTABLES             003febdc   000006a0  00000000  000006a0  RWIX
  ROM                   003ff27c   00000d44  00000000  00000d44  RWIX
  RESET                 003fffc0   00000002  00000000  00000002  RWIX
  VECTORS               003fffc2   0000003e  00000000  0000003e  RWIX

PAGE 1:
  BOOT_RSVD             00000000   00000050  00000000  00000050  RWIX
  RAMM0                 00000050   000003b0  00000000  000003b0  RWIX
  RAMM1                 00000400   00000400  00000300  00000100  RWIX
  DEV_EMU               00000880   00000180  000000d0  000000b0  RWIX
  FLASH_REGS            00000a80   00000060  00000008  00000058  RWIX
  CSM                   00000ae0   00000010  00000010  00000000  RWIX
  ADC_MIRROR            00000b00   00000010  00000010  00000000  RWIX
  XINTF                 00000b20   00000020  0000001e  00000002  RWIX
  CPU_TIMER0            00000c00   00000008  00000008  00000000  RWIX
  CPU_TIMER1            00000c08   00000008  00000008  00000000  RWIX
  CPU_TIMER2            00000c10   00000008  00000008  00000000  RWIX
  PIE_CTRL              00000ce0   00000020  0000001a  00000006  RWIX
  PIE_VECT              00000d00   00000100  00000100  00000000  RWIX
  DMA                   00001000   00000200  000000e0  00000120  RWIX
  MCBSPA                00005000   00000040  00000025  0000001b  RWIX
  MCBSPB                00005040   00000040  00000025  0000001b  RWIX
  ECANA                 00006000   00000040  00000034  0000000c  RWIX
  ECANA_LAM             00006040   00000040  00000040  00000000  RWIX
  ECANA_MOTS            00006080   00000040  00000040  00000000  RWIX
  ECANA_MOTO            000060c0   00000040  00000040  00000000  RWIX
  ECANA_MBOX            00006100   00000100  00000100  00000000  RWIX
  ECANB                 00006200   00000040  00000034  0000000c  RWIX
  ECANB_LAM             00006240   00000040  00000040  00000000  RWIX
  ECANB_MOTS            00006280   00000040  00000040  00000000  RWIX
  ECANB_MOTO            000062c0   00000040  00000040  00000000  RWIX
  ECANB_MBOX            00006300   00000100  00000100  00000000  RWIX
  EPWM1                 00006800   00000022  00000022  00000000  RWIX
  EPWM2                 00006840   00000022  00000022  00000000  RWIX
  EPWM3                 00006880   00000022  00000022  00000000  RWIX
  EPWM4                 000068c0   00000022  00000022  00000000  RWIX
  EPWM5                 00006900   00000022  00000022  00000000  RWIX
  EPWM6                 00006940   00000022  00000022  00000000  RWIX
  ECAP1                 00006a00   00000020  00000020  00000000  RWIX
  ECAP2                 00006a20   00000020  00000020  00000000  RWIX
  ECAP3                 00006a40   00000020  00000020  00000000  RWIX
  ECAP4                 00006a60   00000020  00000020  00000000  RWIX
  ECAP5                 00006a80   00000020  00000020  00000000  RWIX
  ECAP6                 00006aa0   00000020  00000020  00000000  RWIX
  EQEP1                 00006b00   00000040  00000040  00000000  RWIX
  EQEP2                 00006b40   00000040  00000040  00000000  RWIX
  GPIOCTRL              00006f80   00000040  0000002e  00000012  RWIX
  GPIODAT               00006fc0   00000020  00000020  00000000  RWIX
  GPIOINT               00006fe0   00000020  0000000a  00000016  RWIX
  SYSTEM                00007010   00000020  00000020  00000000  RWIX
  SPIA                  00007040   00000010  00000010  00000000  RWIX
  SCIA                  00007050   00000010  00000010  00000000  RWIX
  XINTRUPT              00007070   00000010  00000010  00000000  RWIX
  ADC                   00007100   00000020  0000001e  00000002  RWIX
  SCIB                  00007750   00000010  00000010  00000000  RWIX
  SCIC                  00007770   00000010  00000010  00000000  RWIX
  I2CA                  00007900   00000040  00000022  0000001e  RWIX
  RAML4                 0000c000   00001000  0000025d  00000da3  RWIX
  RAML5                 0000d000   00001000  00000000  00001000  RWIX
  RAML6                 0000e000   00001000  00000000  00001000  RWIX
  RAML7                 0000f000   00001000  00000000  00001000  RWIX
  ZONE6B                0010fc00   00000400  00000000  00000400  RWIX
  FLASHB                00330000   00008000  00000000  00008000  RWIX
  CSM_PWL               0033fff8   00000008  00000008  00000000  RWIX
  PARTID                00380090   00000001  00000001  00000000  RWIX


SECTION ALLOCATION MAP

 output                                  attributes/
section   page    origin      length       input sections
--------  ----  ----------  ----------   ----------------
.cinit     0    00338a7e    0000006e     
                  00338a7e    00000023     LCD12864.obj (.cinit:_AC_TABLE)
                  00338aa1    0000000c     KEY.obj (.cinit)
                  00338aad    0000000c     LCD12864.obj (.cinit)
                  00338ab9    0000000c     KEY.obj (.cinit:_Keys)
                  00338ac5    0000000a     rts2800_fpu32.lib : _lock.obj (.cinit)
                  00338acf    0000000a                       : exit.obj (.cinit)
                  00338ad9    00000009     LCD12864.obj (.cinit:_ziwei)
                  00338ae2    00000004     KEY.obj (.cinit:_KX_Status)
                  00338ae6    00000004     LCD12864.obj (.cinit:_fig)
                  00338aea    00000002     --HOLE-- [fill = 0]

.pinit     0    00338000    00000000     UNINITIALIZED

.text      0    00338000    0000097e     
                  00338000    0000032a     LCD12864.obj (.text)
                  0033832a    00000316     DSP2833x_DefaultIsr.obj (.text:retain)
                  00338640    00000142     KEY.obj (.text)
                  00338782    000000f6     DSP2833x_SysCtrl.obj (.text)
                  00338878    00000046     rts2800_fpu32.lib : boot.obj (.text)
                  003388be    00000028     DSP2833x_PieCtrl.obj (.text)
                  003388e6    00000028     main_3x3_KEY.obj (.text)
                  0033890e    00000020     DSP2833x_PieVect.obj (.text)
                  0033892e    0000001b     rts2800_fpu32.lib : args_main.obj (.text)
                  00338949    00000019                       : exit.obj (.text)
                  00338962    00000013     DSP2833x_MemCopy.obj (.text)
                  00338975    00000009     rts2800_fpu32.lib : _lock.obj (.text)

ramfuncs   0    00320000    0000001f     RUN ADDR = 00008000
                  00320000    0000001b     DSP2833x_SysCtrl.obj (ramfuncs)
                  0032001b    00000004     DSP2833x_usDelay.obj (ramfuncs)

csm_rsvd   0    0033ff80    00000076     
                  0033ff80    00000076     DSP2833x_CSMPasswords.obj (csm_rsvd)

csmpasswds 
*          0    0033fff8    00000008     
                  0033fff8    00000008     DSP2833x_CSMPasswords.obj (csmpasswds)

.stack     1    00000400    00000300     UNINITIALIZED
                  00000400    00000300     --HOLE--

.ebss      1    0000c000    0000025d     UNINITIALIZED
                  0000c000    00000200     LCD12864.obj (.ebss:_fig)
                  0000c200    00000020     LCD12864.obj (.ebss:_AC_TABLE)
                  0000c220    00000018     DSP2833x_CpuTimers.obj (.ebss)
                  0000c238    00000006     LCD12864.obj (.ebss:_ziwei)
                  0000c23e    00000002     --HOLE--
                  0000c240    00000009     KEY.obj (.ebss:_Keys)
                  0000c249    00000004     LCD12864.obj (.ebss)
                  0000c24d    00000004     KEY.obj (.ebss:_KX_Status)
                  0000c251    00000001     --HOLE--
                  0000c252    00000004     rts2800_fpu32.lib : _lock.obj (.ebss)
                  0000c256    00000004                       : exit.obj (.ebss)
                  0000c25a    00000003     KEY.obj (.ebss)

.econst    0    0033897e    00000100     
                  0033897e    00000100     DSP2833x_PieVect.obj (.econst:_PieVectTableInit)

.reset     0    003fffc0    00000002     DSECT
                  003fffc0    00000002     rts2800_fpu32.lib : boot.obj (.reset)

vectors    0    003fffc2    00000000     DSECT

.adc_cal   0    00380080    00000007     NOLOAD SECTION
                  00380080    00000007     DSP2833x_ADC_cal.obj (.adc_cal)

DevEmuRegsFile 
*          1    00000880    000000d0     UNINITIALIZED
                  00000880    000000d0     DSP2833x_GlobalVariableDefs.obj (DevEmuRegsFile)

FlashRegsFile 
*          1    00000a80    00000008     UNINITIALIZED
                  00000a80    00000008     DSP2833x_GlobalVariableDefs.obj (FlashRegsFile)

CsmRegsFile 
*          1    00000ae0    00000010     UNINITIALIZED
                  00000ae0    00000010     DSP2833x_GlobalVariableDefs.obj (CsmRegsFile)

AdcMirrorFile 
*          1    00000b00    00000010     UNINITIALIZED
                  00000b00    00000010     DSP2833x_GlobalVariableDefs.obj (AdcMirrorFile)

XintfRegsFile 
*          1    00000b20    0000001e     UNINITIALIZED
                  00000b20    0000001e     DSP2833x_GlobalVariableDefs.obj (XintfRegsFile)

CpuTimer0RegsFile 
*          1    00000c00    00000008     UNINITIALIZED
                  00000c00    00000008     DSP2833x_GlobalVariableDefs.obj (CpuTimer0RegsFile)

CpuTimer1RegsFile 
*          1    00000c08    00000008     UNINITIALIZED
                  00000c08    00000008     DSP2833x_GlobalVariableDefs.obj (CpuTimer1RegsFile)

CpuTimer2RegsFile 
*          1    00000c10    00000008     UNINITIALIZED
                  00000c10    00000008     DSP2833x_GlobalVariableDefs.obj (CpuTimer2RegsFile)

PieCtrlRegsFile 
*          1    00000ce0    0000001a     UNINITIALIZED
                  00000ce0    0000001a     DSP2833x_GlobalVariableDefs.obj (PieCtrlRegsFile)

PieVectTableFile 
*          1    00000d00    00000100     UNINITIALIZED
                  00000d00    00000100     DSP2833x_GlobalVariableDefs.obj (PieVectTableFile)

DmaRegsFile 
*          1    00001000    000000e0     UNINITIALIZED
                  00001000    000000e0     DSP2833x_GlobalVariableDefs.obj (DmaRegsFile)

McbspaRegsFile 
*          1    00005000    00000025     UNINITIALIZED
                  00005000    00000025     DSP2833x_GlobalVariableDefs.obj (McbspaRegsFile)

McbspbRegsFile 
*          1    00005040    00000025     UNINITIALIZED
                  00005040    00000025     DSP2833x_GlobalVariableDefs.obj (McbspbRegsFile)

ECanaRegsFile 
*          1    00006000    00000034     UNINITIALIZED
                  00006000    00000034     DSP2833x_GlobalVariableDefs.obj (ECanaRegsFile)

ECanaLAMRegsFile 
*          1    00006040    00000040     UNINITIALIZED
                  00006040    00000040     DSP2833x_GlobalVariableDefs.obj (ECanaLAMRegsFile)

ECanaMOTSRegsFile 
*          1    00006080    00000040     UNINITIALIZED
                  00006080    00000040     DSP2833x_GlobalVariableDefs.obj (ECanaMOTSRegsFile)

ECanaMOTORegsFile 
*          1    000060c0    00000040     UNINITIALIZED
                  000060c0    00000040     DSP2833x_GlobalVariableDefs.obj (ECanaMOTORegsFile)

ECanaMboxesFile 
*          1    00006100    00000100     UNINITIALIZED
                  00006100    00000100     DSP2833x_GlobalVariableDefs.obj (ECanaMboxesFile)

ECanbRegsFile 
*          1    00006200    00000034     UNINITIALIZED
                  00006200    00000034     DSP2833x_GlobalVariableDefs.obj (ECanbRegsFile)

ECanbLAMRegsFile 
*          1    00006240    00000040     UNINITIALIZED
                  00006240    00000040     DSP2833x_GlobalVariableDefs.obj (ECanbLAMRegsFile)

ECanbMOTSRegsFile 
*          1    00006280    00000040     UNINITIALIZED
                  00006280    00000040     DSP2833x_GlobalVariableDefs.obj (ECanbMOTSRegsFile)

ECanbMOTORegsFile 
*          1    000062c0    00000040     UNINITIALIZED
                  000062c0    00000040     DSP2833x_GlobalVariableDefs.obj (ECanbMOTORegsFile)

ECanbMboxesFile 
*          1    00006300    00000100     UNINITIALIZED
                  00006300    00000100     DSP2833x_GlobalVariableDefs.obj (ECanbMboxesFile)

EPwm1RegsFile 
*          1    00006800    00000022     UNINITIALIZED
                  00006800    00000022     DSP2833x_GlobalVariableDefs.obj (EPwm1RegsFile)

EPwm2RegsFile 
*          1    00006840    00000022     UNINITIALIZED
                  00006840    00000022     DSP2833x_GlobalVariableDefs.obj (EPwm2RegsFile)

EPwm3RegsFile 
*          1    00006880    00000022     UNINITIALIZED
                  00006880    00000022     DSP2833x_GlobalVariableDefs.obj (EPwm3RegsFile)

EPwm4RegsFile 
*          1    000068c0    00000022     UNINITIALIZED
                  000068c0    00000022     DSP2833x_GlobalVariableDefs.obj (EPwm4RegsFile)

EPwm5RegsFile 
*          1    00006900    00000022     UNINITIALIZED
                  00006900    00000022     DSP2833x_GlobalVariableDefs.obj (EPwm5RegsFile)

EPwm6RegsFile 
*          1    00006940    00000022     UNINITIALIZED
                  00006940    00000022     DSP2833x_GlobalVariableDefs.obj (EPwm6RegsFile)

ECap1RegsFile 
*          1    00006a00    00000020     UNINITIALIZED
                  00006a00    00000020     DSP2833x_GlobalVariableDefs.obj (ECap1RegsFile)

ECap2RegsFile 
*          1    00006a20    00000020     UNINITIALIZED
                  00006a20    00000020     DSP2833x_GlobalVariableDefs.obj (ECap2RegsFile)

ECap3RegsFile 
*          1    00006a40    00000020     UNINITIALIZED
                  00006a40    00000020     DSP2833x_GlobalVariableDefs.obj (ECap3RegsFile)

ECap4RegsFile 
*          1    00006a60    00000020     UNINITIALIZED
                  00006a60    00000020     DSP2833x_GlobalVariableDefs.obj (ECap4RegsFile)

ECap5RegsFile 
*          1    00006a80    00000020     UNINITIALIZED
                  00006a80    00000020     DSP2833x_GlobalVariableDefs.obj (ECap5RegsFile)

ECap6RegsFile 
*          1    00006aa0    00000020     UNINITIALIZED
                  00006aa0    00000020     DSP2833x_GlobalVariableDefs.obj (ECap6RegsFile)

EQep1RegsFile 
*          1    00006b00    00000040     UNINITIALIZED
                  00006b00    00000040     DSP2833x_GlobalVariableDefs.obj (EQep1RegsFile)

EQep2RegsFile 
*          1    00006b40    00000040     UNINITIALIZED
                  00006b40    00000040     DSP2833x_GlobalVariableDefs.obj (EQep2RegsFile)

GpioCtrlRegsFile 
*          1    00006f80    0000002e     UNINITIALIZED
                  00006f80    0000002e     DSP2833x_GlobalVariableDefs.obj (GpioCtrlRegsFile)

GpioDataRegsFile 
*          1    00006fc0    00000020     UNINITIALIZED
                  00006fc0    00000020     DSP2833x_GlobalVariableDefs.obj (GpioDataRegsFile)

GpioIntRegsFile 
*          1    00006fe0    0000000a     UNINITIALIZED
                  00006fe0    0000000a     DSP2833x_GlobalVariableDefs.obj (GpioIntRegsFile)

SysCtrlRegsFile 
*          1    00007010    00000020     UNINITIALIZED
                  00007010    00000020     DSP2833x_GlobalVariableDefs.obj (SysCtrlRegsFile)

SpiaRegsFile 
*          1    00007040    00000010     UNINITIALIZED
                  00007040    00000010     DSP2833x_GlobalVariableDefs.obj (SpiaRegsFile)

SciaRegsFile 
*          1    00007050    00000010     UNINITIALIZED
                  00007050    00000010     DSP2833x_GlobalVariableDefs.obj (SciaRegsFile)

XIntruptRegsFile 
*          1    00007070    00000010     UNINITIALIZED
                  00007070    00000010     DSP2833x_GlobalVariableDefs.obj (XIntruptRegsFile)

AdcRegsFile 
*          1    00007100    0000001e     UNINITIALIZED
                  00007100    0000001e     DSP2833x_GlobalVariableDefs.obj (AdcRegsFile)

ScibRegsFile 
*          1    00007750    00000010     UNINITIALIZED
                  00007750    00000010     DSP2833x_GlobalVariableDefs.obj (ScibRegsFile)

ScicRegsFile 
*          1    00007770    00000010     UNINITIALIZED
                  00007770    00000010     DSP2833x_GlobalVariableDefs.obj (ScicRegsFile)

I2caRegsFile 
*          1    00007900    00000022     UNINITIALIZED
                  00007900    00000022     DSP2833x_GlobalVariableDefs.obj (I2caRegsFile)

CsmPwlFile 
*          1    0033fff8    00000008     UNINITIALIZED
                  0033fff8    00000008     DSP2833x_GlobalVariableDefs.obj (CsmPwlFile)

PartIdRegsFile 
*          1    00380090    00000001     UNINITIALIZED
                  00380090    00000001     DSP2833x_GlobalVariableDefs.obj (PartIdRegsFile)

MODULE SUMMARY

       Module                            code   initialized data   uninitialized data
       ------                            ----   ----------------   ------------------
    .\
       LCD12864.obj                      810    60                 554               
       KEY.obj                           322    28                 16                
       main_3x3_KEY.obj                  40     0                  0                 
    +--+---------------------------------+------+------------------+--------------------+
       Total:                            1172   88                 570               
                                                                                     
    .\DSP2833x_common\source\
       DSP2833x_DefaultIsr.obj           790    0                  0                 
       DSP2833x_SysCtrl.obj              300    0                  0                 
       DSP2833x_PieVect.obj              32     256                0                 
       DSP2833x_CSMPasswords.obj         0      126                0                 
       DSP2833x_PieCtrl.obj              40     0                  0                 
       DSP2833x_CpuTimers.obj            0      0                  24                
       DSP2833x_MemCopy.obj              19     0                  0                 
       DSP2833x_usDelay.obj              8      0                  0                 
       DSP2833x_ADC_cal.obj              7      0                  0                 
    +--+---------------------------------+------+------------------+--------------------+
       Total:                            1196   382                24                
                                                                                     
    .\DSP2833x_headers\source\
       DSP2833x_GlobalVariableDefs.obj   0      0                  2679              
    +--+---------------------------------+------+------------------+--------------------+
       Total:                            0      0                  2679              
                                                                                     
    ../DSP2833x_common/lib/rts2800_fpu32.lib
       boot.obj                          70     0                  0                 
       exit.obj                          25     10                 4                 
       args_main.obj                     27     0                  0                 
       _lock.obj                         9      10                 4                 
    +--+---------------------------------+------+------------------+--------------------+
       Total:                            131    20                 8                 
                                                                                     
       Stack:                            0      0                  768               
    +--+---------------------------------+------+------------------+--------------------+
       Grand Total:                      2499   490                4049              


GLOBAL DATA SYMBOLS: SORTED BY DATA PAGE

address     data page           name
--------    ----------------    ----
00000400      10 (00000400)     __stack

00000880      22 (00000880)     _DevEmuRegs

00000a80      2a (00000a80)     _FlashRegs

00000ae0      2b (00000ac0)     _CsmRegs

00000b00      2c (00000b00)     _AdcMirror
00000b20      2c (00000b00)     _XintfRegs

00000c00      30 (00000c00)     _CpuTimer0Regs
00000c08      30 (00000c00)     _CpuTimer1Regs
00000c10      30 (00000c00)     _CpuTimer2Regs

00000ce0      33 (00000cc0)     _PieCtrlRegs

00000d00      34 (00000d00)     _PieVectTable

00001000      40 (00001000)     _DmaRegs

00005000     140 (00005000)     _McbspaRegs

00005040     141 (00005040)     _McbspbRegs

00006000     180 (00006000)     _ECanaRegs

00006040     181 (00006040)     _ECanaLAMRegs

00006080     182 (00006080)     _ECanaMOTSRegs

000060c0     183 (000060c0)     _ECanaMOTORegs

00006100     184 (00006100)     _ECanaMboxes

00006200     188 (00006200)     _ECanbRegs

00006240     189 (00006240)     _ECanbLAMRegs

00006280     18a (00006280)     _ECanbMOTSRegs

000062c0     18b (000062c0)     _ECanbMOTORegs

00006300     18c (00006300)     _ECanbMboxes

00006800     1a0 (00006800)     _EPwm1Regs

00006840     1a1 (00006840)     _EPwm2Regs

00006880     1a2 (00006880)     _EPwm3Regs

000068c0     1a3 (000068c0)     _EPwm4Regs

00006900     1a4 (00006900)     _EPwm5Regs

00006940     1a5 (00006940)     _EPwm6Regs

00006a00     1a8 (00006a00)     _ECap1Regs
00006a20     1a8 (00006a00)     _ECap2Regs

00006a40     1a9 (00006a40)     _ECap3Regs
00006a60     1a9 (00006a40)     _ECap4Regs

00006a80     1aa (00006a80)     _ECap5Regs
00006aa0     1aa (00006a80)     _ECap6Regs

00006b00     1ac (00006b00)     _EQep1Regs

00006b40     1ad (00006b40)     _EQep2Regs

00006f80     1be (00006f80)     _GpioCtrlRegs

00006fc0     1bf (00006fc0)     _GpioDataRegs
00006fe0     1bf (00006fc0)     _GpioIntRegs

00007010     1c0 (00007000)     _SysCtrlRegs

00007040     1c1 (00007040)     _SpiaRegs
00007050     1c1 (00007040)     _SciaRegs
00007070     1c1 (00007040)     _XIntruptRegs

00007100     1c4 (00007100)     _AdcRegs

00007750     1dd (00007740)     _ScibRegs
00007770     1dd (00007740)     _ScicRegs

00007900     1e4 (00007900)     _I2caRegs

0000c000     300 (0000c000)     _fig

0000c200     308 (0000c200)     _AC_TABLE
0000c220     308 (0000c200)     _CpuTimer0
0000c228     308 (0000c200)     _CpuTimer1
0000c230     308 (0000c200)     _CpuTimer2
0000c238     308 (0000c200)     _ziwei

0000c240     309 (0000c240)     _Keys
0000c249     309 (0000c240)     _i
0000c24a     309 (0000c240)     _j
0000c24b     309 (0000c240)     _temp
0000c24c     309 (0000c240)     _k
0000c24d     309 (0000c240)     _KX_Status
0000c252     309 (0000c240)     __unlock
0000c254     309 (0000c240)     __lock
0000c256     309 (0000c240)     __cleanup_ptr
0000c258     309 (0000c240)     __dtors_ptr
0000c25a     309 (0000c240)     _Key
0000c25b     309 (0000c240)     _KX_On
0000c25c     309 (0000c240)     _KY_On

0033897e    ce25 (00338940)     _PieVectTableInit

0033fff8    cfff (0033ffc0)     _CsmPwl

00380090    e002 (00380080)     _PartIdRegs


GLOBAL SYMBOLS: SORTED ALPHABETICALLY BY Name 

page  address   name                 
----  -------   ----                 
0     00338000  .text                
0     00338949  C$$EXIT              
1     0000c200  _AC_TABLE            
0     00338410  _ADCINT_ISR          
0     00380080  _ADC_cal             
1     00000b00  _AdcMirror           
1     00007100  _AdcRegs             
1     0000c220  _CpuTimer0           
1     00000c00  _CpuTimer0Regs       
1     0000c228  _CpuTimer1           
1     00000c08  _CpuTimer1Regs       
1     0000c230  _CpuTimer2           
1     00000c10  _CpuTimer2Regs       
1     0033fff8  _CsmPwl              
1     00000ae0  _CsmRegs             
0     00338847  _CsmUnlock           
0     0033833e  _DATALOG_ISR         
0     00338532  _DINTCH1_ISR         
0     0033853c  _DINTCH2_ISR         
0     00338546  _DINTCH3_ISR         
0     00338550  _DINTCH4_ISR         
0     0033855a  _DINTCH5_ISR         
0     00338564  _DINTCH6_ISR         
0     0000801b  _DSP28x_usDelay      
0     003382d8  _Delay               
1     00000880  _DevEmuRegs          
0     00338795  _DisableDog          
0     00338116  _DispCHN             
0     0033815a  _DispENG             
0     00338206  _DispFig             
0     00338286  _DispFig8            
0     003381c2  _DispFigData         
0     00338228  _DispFigTest         
0     00338264  _DispFigUd           
1     00001000  _DmaRegs             
0     003385be  _ECAN0INTA_ISR       
0     003385d2  _ECAN0INTB_ISR       
0     003385c8  _ECAN1INTA_ISR       
0     003385dc  _ECAN1INTB_ISR       
0     003384a6  _ECAP1_INT_ISR       
0     003384b0  _ECAP2_INT_ISR       
0     003384ba  _ECAP3_INT_ISR       
0     003384c4  _ECAP4_INT_ISR       
0     003384ce  _ECAP5_INT_ISR       
0     003384d8  _ECAP6_INT_ISR       
1     00006040  _ECanaLAMRegs        
1     000060c0  _ECanaMOTORegs       
1     00006080  _ECanaMOTSRegs       
1     00006100  _ECanaMboxes         
1     00006000  _ECanaRegs           
1     00006240  _ECanbLAMRegs        
1     000062c0  _ECanbMOTORegs       
1     00006280  _ECanbMOTSRegs       
1     00006300  _ECanbMboxes         
1     00006200  _ECanbRegs           
1     00006a00  _ECap1Regs           
1     00006a20  _ECap2Regs           
1     00006a40  _ECap3Regs           
1     00006a60  _ECap4Regs           
1     00006a80  _ECap5Regs           
1     00006aa0  _ECap6Regs           
0     00338352  _EMUINT_ISR          
0     0033846a  _EPWM1_INT_ISR       
0     0033842e  _EPWM1_TZINT_ISR     
0     00338474  _EPWM2_INT_ISR       
0     00338438  _EPWM2_TZINT_ISR     
0     0033847e  _EPWM3_INT_ISR       
0     00338442  _EPWM3_TZINT_ISR     
0     00338488  _EPWM4_INT_ISR       
0     0033844c  _EPWM4_TZINT_ISR     
0     00338492  _EPWM5_INT_ISR       
0     00338456  _EPWM5_TZINT_ISR     
0     0033849c  _EPWM6_INT_ISR       
0     00338460  _EPWM6_TZINT_ISR     
1     00006800  _EPwm1Regs           
1     00006840  _EPwm2Regs           
1     00006880  _EPwm3Regs           
1     000068c0  _EPwm4Regs           
1     00006900  _EPwm5Regs           
1     00006940  _EPwm6Regs           
0     003384e2  _EQEP1_INT_ISR       
0     003384ec  _EQEP2_INT_ISR       
1     00006b00  _EQep1Regs           
1     00006b40  _EQep2Regs           
0     003388dd  _EnableInterrupts    
1     00000a80  _FlashRegs           
0     00338696  _GetKX               
0     003386f7  _GetKX_On            
0     0033873a  _GetKY_On            
0     00338765  _GetKey              
1     00006f80  _GpioCtrlRegs        
1     00006fc0  _GpioDataRegs        
1     00006fe0  _GpioIntRegs         
0     0033856e  _I2CINT1A_ISR        
0     00338578  _I2CINT2A_ISR        
1     00007900  _I2caRegs            
0     00338366  _ILLEGAL_ISR         
0     0033832a  _INT13_ISR           
0     00338334  _INT14_ISR           
0     00008000  _InitFlash           
0     00338640  _InitKeyGpio         
0     0033830d  _InitLcd             
0     003380d0  _InitLcdFun          
0     00338000  _InitLcdGpio         
0     003387ec  _InitPeripheralClocks
0     003388be  _InitPieCtrl         
0     0033890e  _InitPieVectTable    
0     0033879d  _InitPll             
0     00338782  _InitSysCtrl         
1     0000c25b  _KX_On               
1     0000c24d  _KX_Status           
1     0000c25c  _KY_On               
1     0000c25a  _Key                 
1     0000c240  _Keys                
0     00338622  _LUF_ISR             
0     00338618  _LVF_ISR             
0     003380f4  _LcdClearBmp         
0     003380e0  _LcdClearTxt         
0     003382ef  _LcdDelay            
0     0033851e  _MRINTA_ISR          
0     0033850a  _MRINTB_ISR          
0     00338528  _MXINTA_ISR          
0     00338514  _MXINTB_ISR          
1     00005000  _McbspaRegs          
1     00005040  _McbspbRegs          
0     00338962  _MemCopy             
0     0033835c  _NMI_ISR             
0     0033862c  _PIE_RESERVED        
1     00380090  _PartIdRegs          
1     00000ce0  _PieCtrlRegs         
1     00000d00  _PieVectTable        
0     0033897e  _PieVectTableInit    
0     00338348  _RTOSINT_ISR         
0     0032001f  _RamfuncsLoadEnd     
0     00320000  _RamfuncsLoadStart   
0     00008000  _RamfuncsRunStart    
0     0033868d  _RstAllKY            
0     00338724  _Rst_KY              
0     00338596  _SCIRXINTA_ISR       
0     003385aa  _SCIRXINTB_ISR       
0     00338582  _SCIRXINTC_ISR       
0     003385a0  _SCITXINTA_ISR       
0     003385b4  _SCITXINTB_ISR       
0     0033858c  _SCITXINTC_ISR       
0     003383e8  _SEQ1INT_ISR         
0     003383f2  _SEQ2INT_ISR         
0     003384f6  _SPIRXINTA_ISR       
0     00338500  _SPITXINTA_ISR       
1     00007050  _SciaRegs            
1     00007750  _ScibRegs            
1     00007770  _ScicRegs            
0     0033878b  _ServiceDog          
0     0033870e  _Set_KY              
1     00007040  _SpiaRegs            
1     00007010  _SysCtrlRegs         
0     0033841a  _TINT0_ISR           
0     00338322  _TestLcd             
0     003383ca  _USER10_ISR          
0     003383d4  _USER11_ISR          
0     003383de  _USER12_ISR          
0     00338370  _USER1_ISR           
0     0033837a  _USER2_ISR           
0     00338384  _USER3_ISR           
0     0033838e  _USER4_ISR           
0     00338398  _USER5_ISR           
0     003383a2  _USER6_ISR           
0     003383ac  _USER7_ISR           
0     003383b6  _USER8_ISR           
0     003383c0  _USER9_ISR           
0     00338424  _WAKEINT_ISR         
0     00338036  _WriteByte           
0     00338082  _WriteLcdCmd         
0     003380a9  _WriteLcdData        
0     003383fc  _XINT1_ISR           
0     00338406  _XINT2_ISR           
0     003385e6  _XINT3_ISR           
0     003385f0  _XINT4_ISR           
0     003385fa  _XINT5_ISR           
0     00338604  _XINT6_ISR           
0     0033860e  _XINT7_ISR           
1     00007070  _XIntruptRegs        
1     00000b20  _XintfRegs           
1     00000700  __STACK_END          
abs   00000300  __STACK_SIZE         
abs   00000001  __TI_args_main       
abs   ffffffff  ___TI_pprof_out_hndl 
abs   ffffffff  ___TI_prof_data_size 
abs   ffffffff  ___TI_prof_data_start
abs   ffffffff  ___binit__           
abs   ffffffff  ___c_args__          
0     00338a7e  ___cinit__           
0     0033897e  ___etext__           
abs   ffffffff  ___pinit__           
0     00338000  ___text__            
0     0033892e  __args_main          
1     0000c256  __cleanup_ptr        
1     0000c258  __dtors_ptr          
1     0000c254  __lock               
0     0033897d  __nop                
0     00338979  __register_lock      
0     00338975  __register_unlock    
1     00000400  __stack              
1     0000c252  __unlock             
0     00338949  _abort               
0     00338878  _c_int00             
0     0033867e  _delay               
0     003382fe  _delay_loop          
0     0033894b  _exit                
1     0000c000  _fig                 
1     0000c249  _i                   
1     0000c24a  _j                   
1     0000c24c  _k                   
0     003388e6  _main                
0     00338636  _rsvd_ISR            
1     0000c24b  _temp                
1     0000c238  _ziwei               
abs   ffffffff  binit                
0     00338a7e  cinit                
0     0033897e  etext                
abs   ffffffff  pinit                


GLOBAL SYMBOLS: SORTED BY Symbol Address 

page  address   name                 
----  -------   ----                 
0     00008000  _InitFlash           
0     00008000  _RamfuncsRunStart    
0     0000801b  _DSP28x_usDelay      
0     00320000  _RamfuncsLoadStart   
0     0032001f  _RamfuncsLoadEnd     
0     00338000  .text                
0     00338000  _InitLcdGpio         
0     00338000  ___text__            
0     00338036  _WriteByte           
0     00338082  _WriteLcdCmd         
0     003380a9  _WriteLcdData        
0     003380d0  _InitLcdFun          
0     003380e0  _LcdClearTxt         
0     003380f4  _LcdClearBmp         
0     00338116  _DispCHN             
0     0033815a  _DispENG             
0     003381c2  _DispFigData         
0     00338206  _DispFig             
0     00338228  _DispFigTest         
0     00338264  _DispFigUd           
0     00338286  _DispFig8            
0     003382d8  _Delay               
0     003382ef  _LcdDelay            
0     003382fe  _delay_loop          
0     0033830d  _InitLcd             
0     00338322  _TestLcd             
0     0033832a  _INT13_ISR           
0     00338334  _INT14_ISR           
0     0033833e  _DATALOG_ISR         
0     00338348  _RTOSINT_ISR         
0     00338352  _EMUINT_ISR          
0     0033835c  _NMI_ISR             
0     00338366  _ILLEGAL_ISR         
0     00338370  _USER1_ISR           
0     0033837a  _USER2_ISR           
0     00338384  _USER3_ISR           
0     0033838e  _USER4_ISR           
0     00338398  _USER5_ISR           
0     003383a2  _USER6_ISR           
0     003383ac  _USER7_ISR           
0     003383b6  _USER8_ISR           
0     003383c0  _USER9_ISR           
0     003383ca  _USER10_ISR          
0     003383d4  _USER11_ISR          
0     003383de  _USER12_ISR          
0     003383e8  _SEQ1INT_ISR         
0     003383f2  _SEQ2INT_ISR         
0     003383fc  _XINT1_ISR           
0     00338406  _XINT2_ISR           
0     00338410  _ADCINT_ISR          
0     0033841a  _TINT0_ISR           
0     00338424  _WAKEINT_ISR         
0     0033842e  _EPWM1_TZINT_ISR     
0     00338438  _EPWM2_TZINT_ISR     
0     00338442  _EPWM3_TZINT_ISR     
0     0033844c  _EPWM4_TZINT_ISR     
0     00338456  _EPWM5_TZINT_ISR     
0     00338460  _EPWM6_TZINT_ISR     
0     0033846a  _EPWM1_INT_ISR       
0     00338474  _EPWM2_INT_ISR       
0     0033847e  _EPWM3_INT_ISR       
0     00338488  _EPWM4_INT_ISR       
0     00338492  _EPWM5_INT_ISR       
0     0033849c  _EPWM6_INT_ISR       
0     003384a6  _ECAP1_INT_ISR       
0     003384b0  _ECAP2_INT_ISR       
0     003384ba  _ECAP3_INT_ISR       
0     003384c4  _ECAP4_INT_ISR       
0     003384ce  _ECAP5_INT_ISR       
0     003384d8  _ECAP6_INT_ISR       
0     003384e2  _EQEP1_INT_ISR       
0     003384ec  _EQEP2_INT_ISR       
0     003384f6  _SPIRXINTA_ISR       
0     00338500  _SPITXINTA_ISR       
0     0033850a  _MRINTB_ISR          
0     00338514  _MXINTB_ISR          
0     0033851e  _MRINTA_ISR          
0     00338528  _MXINTA_ISR          
0     00338532  _DINTCH1_ISR         
0     0033853c  _DINTCH2_ISR         
0     00338546  _DINTCH3_ISR         
0     00338550  _DINTCH4_ISR         
0     0033855a  _DINTCH5_ISR         
0     00338564  _DINTCH6_ISR         
0     0033856e  _I2CINT1A_ISR        
0     00338578  _I2CINT2A_ISR        
0     00338582  _SCIRXINTC_ISR       
0     0033858c  _SCITXINTC_ISR       
0     00338596  _SCIRXINTA_ISR       
0     003385a0  _SCITXINTA_ISR       
0     003385aa  _SCIRXINTB_ISR       
0     003385b4  _SCITXINTB_ISR       
0     003385be  _ECAN0INTA_ISR       
0     003385c8  _ECAN1INTA_ISR       
0     003385d2  _ECAN0INTB_ISR       
0     003385dc  _ECAN1INTB_ISR       
0     003385e6  _XINT3_ISR           
0     003385f0  _XINT4_ISR           
0     003385fa  _XINT5_ISR           
0     00338604  _XINT6_ISR           
0     0033860e  _XINT7_ISR           
0     00338618  _LVF_ISR             
0     00338622  _LUF_ISR             
0     0033862c  _PIE_RESERVED        
0     00338636  _rsvd_ISR            
0     00338640  _InitKeyGpio         
0     0033867e  _delay               
0     0033868d  _RstAllKY            
0     00338696  _GetKX               
0     003386f7  _GetKX_On            
0     0033870e  _Set_KY              
0     00338724  _Rst_KY              
0     0033873a  _GetKY_On            
0     00338765  _GetKey              
0     00338782  _InitSysCtrl         
0     0033878b  _ServiceDog          
0     00338795  _DisableDog          
0     0033879d  _InitPll             
0     003387ec  _InitPeripheralClocks
0     00338847  _CsmUnlock           
0     00338878  _c_int00             
0     003388be  _InitPieCtrl         
0     003388dd  _EnableInterrupts    
0     003388e6  _main                
0     0033890e  _InitPieVectTable    
0     0033892e  __args_main          
0     00338949  C$$EXIT              
0     00338949  _abort               
0     0033894b  _exit                
0     00338962  _MemCopy             
0     00338975  __register_unlock    
0     00338979  __register_lock      
0     0033897d  __nop                
0     0033897e  _PieVectTableInit    
0     0033897e  ___etext__           
0     0033897e  etext                
0     00338a7e  ___cinit__           
0     00338a7e  cinit                
0     00380080  _ADC_cal             
1     00000400  __stack              
1     00000700  __STACK_END          
1     00000880  _DevEmuRegs          
1     00000a80  _FlashRegs           
1     00000ae0  _CsmRegs             
1     00000b00  _AdcMirror           
1     00000b20  _XintfRegs           
1     00000c00  _CpuTimer0Regs       
1     00000c08  _CpuTimer1Regs       
1     00000c10  _CpuTimer2Regs       
1     00000ce0  _PieCtrlRegs         
1     00000d00  _PieVectTable        
1     00001000  _DmaRegs             
1     00005000  _McbspaRegs          
1     00005040  _McbspbRegs          
1     00006000  _ECanaRegs           
1     00006040  _ECanaLAMRegs        
1     00006080  _ECanaMOTSRegs       
1     000060c0  _ECanaMOTORegs       
1     00006100  _ECanaMboxes         
1     00006200  _ECanbRegs           
1     00006240  _ECanbLAMRegs        
1     00006280  _ECanbMOTSRegs       
1     000062c0  _ECanbMOTORegs       
1     00006300  _ECanbMboxes         
1     00006800  _EPwm1Regs           
1     00006840  _EPwm2Regs           
1     00006880  _EPwm3Regs           
1     000068c0  _EPwm4Regs           
1     00006900  _EPwm5Regs           
1     00006940  _EPwm6Regs           
1     00006a00  _ECap1Regs           
1     00006a20  _ECap2Regs           
1     00006a40  _ECap3Regs           
1     00006a60  _ECap4Regs           
1     00006a80  _ECap5Regs           
1     00006aa0  _ECap6Regs           
1     00006b00  _EQep1Regs           
1     00006b40  _EQep2Regs           
1     00006f80  _GpioCtrlRegs        
1     00006fc0  _GpioDataRegs        
1     00006fe0  _GpioIntRegs         
1     00007010  _SysCtrlRegs         
1     00007040  _SpiaRegs            
1     00007050  _SciaRegs            
1     00007070  _XIntruptRegs        
1     00007100  _AdcRegs             
1     00007750  _ScibRegs            
1     00007770  _ScicRegs            
1     00007900  _I2caRegs            
1     0000c000  _fig                 
1     0000c200  _AC_TABLE            
1     0000c220  _CpuTimer0           
1     0000c228  _CpuTimer1           
1     0000c230  _CpuTimer2           
1     0000c238  _ziwei               
1     0000c240  _Keys                
1     0000c249  _i                   
1     0000c24a  _j                   
1     0000c24b  _temp                
1     0000c24c  _k                   
1     0000c24d  _KX_Status           
1     0000c252  __unlock             
1     0000c254  __lock               
1     0000c256  __cleanup_ptr        
1     0000c258  __dtors_ptr          
1     0000c25a  _Key                 
1     0000c25b  _KX_On               
1     0000c25c  _KY_On               
1     0033fff8  _CsmPwl              
1     00380090  _PartIdRegs          
abs   00000001  __TI_args_main       
abs   00000300  __STACK_SIZE         
abs   ffffffff  ___TI_pprof_out_hndl 
abs   ffffffff  ___TI_prof_data_size 
abs   ffffffff  ___TI_prof_data_start
abs   ffffffff  ___binit__           
abs   ffffffff  ___c_args__          
abs   ffffffff  ___pinit__           
abs   ffffffff  binit                
abs   ffffffff  pinit                

[220 symbols]
