******************************************************************************
             TMS320C2000 Linker PC v18.12.1                    
******************************************************************************
>> Linked Mon Jun 24 19:12:30 2019

OUTPUT FILE NAME:   <ZQ28335_Freq_Project.out>
ENTRY POINT SYMBOL: "_c_int00"  address: 0000b670


MEMORY CONFIGURATION

         name            origin    length      used     unused   attr    fill
----------------------  --------  ---------  --------  --------  ----  --------
PAGE 0:
  BEGIN                 00000000   00000002  00000000  00000002  RWIX
  RAMM0                 00000050   000003b0  00000000  000003b0  RWIX
  RAML0                 00008000   00001000  000000a2  00000f5e  RWIX
  RAML1                 00009000   00003000  0000278e  00000872  RWIX
  ZONE7A                00200000   0000fc00  00000000  0000fc00  RWIX
  CSM_RSVD              0033ff80   00000076  00000000  00000076  RWIX
  CSM_PWL               0033fff8   00000008  00000000  00000008  RWIX
  ADC_CAL               00380080   00000009  00000007  00000002  RWIX
  IQTABLES              003fe000   00000b50  00000000  00000b50  RWIX
  IQTABLES2             003feb50   0000008c  00000000  0000008c  RWIX
  FPUTABLES             003febdc   000006a0  00000000  000006a0  RWIX
  BOOTROM               003ff27c   00000d44  00000000  00000d44  RWIX
  RESET                 003fffc0   00000002  00000000  00000002  RWIX

PAGE 1:
  BOOT_RSVD             00000002   0000004e  00000000  0000004e  RWIX
  RAMM1                 00000400   00000400  00000300  00000100  RWIX
  DEV_EMU               00000880   00000180  000000d0  000000b0  RWIX
  FLASH_REGS            00000a80   00000060  00000008  00000058  RWIX
  CSM                   00000ae0   00000010  00000010  00000000  RWIX
  ADC_MIRROR            00000b00   00000010  00000010  00000000  RWIX
  XINTF                 00000b20   00000020  0000001e  00000002  RWIX
  CPU_TIMER0            00000c00   00000008  00000008  00000000  RWIX
  CPU_TIMER1            00000c08   00000008  00000008  00000000  RWIX
  CPU_TIMER2            00000c10   00000008  00000008  00000000  RWIX
  PIE_CTRL              00000ce0   00000020  0000001a  00000006  RWIX
  PIE_VECT              00000d00   00000100  00000100  00000000  RWIX
  DMA                   00001000   00000200  000000e0  00000120  RWIX
  MCBSPA                00005000   00000040  00000025  0000001b  RWIX
  MCBSPB                00005040   00000040  00000025  0000001b  RWIX
  ECANA                 00006000   00000040  00000034  0000000c  RWIX
  ECANA_LAM             00006040   00000040  00000040  00000000  RWIX
  ECANA_MOTS            00006080   00000040  00000040  00000000  RWIX
  ECANA_MOTO            000060c0   00000040  00000040  00000000  RWIX
  ECANA_MBOX            00006100   00000100  00000100  00000000  RWIX
  ECANB                 00006200   00000040  00000034  0000000c  RWIX
  ECANB_LAM             00006240   00000040  00000040  00000000  RWIX
  ECANB_MOTS            00006280   00000040  00000040  00000000  RWIX
  ECANB_MOTO            000062c0   00000040  00000040  00000000  RWIX
  ECANB_MBOX            00006300   00000100  00000100  00000000  RWIX
  EPWM1                 00006800   00000022  00000022  00000000  RWIX
  EPWM2                 00006840   00000022  00000022  00000000  RWIX
  EPWM3                 00006880   00000022  00000022  00000000  RWIX
  EPWM4                 000068c0   00000022  00000022  00000000  RWIX
  EPWM5                 00006900   00000022  00000022  00000000  RWIX
  EPWM6                 00006940   00000022  00000022  00000000  RWIX
  ECAP1                 00006a00   00000020  00000020  00000000  RWIX
  ECAP2                 00006a20   00000020  00000020  00000000  RWIX
  ECAP3                 00006a40   00000020  00000020  00000000  RWIX
  ECAP4                 00006a60   00000020  00000020  00000000  RWIX
  ECAP5                 00006a80   00000020  00000020  00000000  RWIX
  ECAP6                 00006aa0   00000020  00000020  00000000  RWIX
  EQEP1                 00006b00   00000040  00000040  00000000  RWIX
  EQEP2                 00006b40   00000040  00000040  00000000  RWIX
  GPIOCTRL              00006f80   00000040  0000002e  00000012  RWIX
  GPIODAT               00006fc0   00000020  00000020  00000000  RWIX
  GPIOINT               00006fe0   00000020  0000000a  00000016  RWIX
  SYSTEM                00007010   00000020  00000020  00000000  RWIX
  SPIA                  00007040   00000010  00000010  00000000  RWIX
  SCIA                  00007050   00000010  00000010  00000000  RWIX
  XINTRUPT              00007070   00000010  00000010  00000000  RWIX
  ADC                   00007100   00000020  0000001e  00000002  RWIX
  SCIB                  00007750   00000010  00000010  00000000  RWIX
  SCIC                  00007770   00000010  00000010  00000000  RWIX
  I2CA                  00007900   00000040  00000022  0000001e  RWIX
  RAML4                 0000c000   00001000  00000064  00000f9c  RWIX
  RAML5                 0000d000   00002000  00001e72  0000018e  RWIX
  RAML7                 0000f000   00001000  00000000  00001000  RWIX
  ZONE7B                0020fc00   00000400  00000000  00000400  RWIX
  CSM_PWL               0033fff8   00000008  00000008  00000000  RWIX
  PARTID                00380090   00000001  00000001  00000000  RWIX


SECTION ALLOCATION MAP

 output                                  attributes/
section   page    origin      length       input sections
--------  ----  ----------  ----------   ----------------
.cinit     0    00008000    0000007e     
                  00008000    0000003c     KEY.obj (.cinit)
                  0000803c    00000013     KEY.obj (.cinit:_Keys)
                  0000804f    0000000d     GUI.obj (.cinit:_Num)
                  0000805c    0000000a     rts2800_fpu32.lib : _lock.obj (.cinit)
                  00008066    0000000a                       : exit.obj (.cinit)
                  00008070    00000008     Main_24TFT.obj (.cinit)
                  00008078    00000004     KEY.obj (.cinit:_KX_Status)
                  0000807c    00000002     --HOLE-- [fill = 0]

ramfuncs   0    0000809e    00000004     
                  0000809e    00000004     DSP2833x_usDelay.obj (ramfuncs)

.text      0    00009000    0000278e     
                  00009000    0000131e     KEY.obj (.text)
                  0000a31e    00000b7e     GUI.obj (.text)
                  0000ae9c    00000316     DSP2833x_DefaultIsr.obj (.text:retain)
                  0000b1b2    00000200     LCD_24TFT.obj (.text)
                  0000b3b2    000000f6     DSP2833x_SysCtrl.obj (.text)
                  0000b4a8    00000096     Main_24TFT.obj (.text)
                  0000b53e    00000078     LED.obj (.text)
                  0000b5b6    0000005e     rts2800_fpu32.lib : cos.obj (.text)
                  0000b614    0000005c                       : sin.obj (.text)
                  0000b670    00000046                       : boot.obj (.text)
                  0000b6b6    00000028     DSP2833x_PieCtrl.obj (.text)
                  0000b6de    00000026     Delay.obj (.text)
                  0000b704    00000022     rts2800_fpu32.lib : i_div.obj (.text)
                  0000b726    00000020     DSP2833x_PieVect.obj (.text)
                  0000b746    0000001b     rts2800_fpu32.lib : args_main.obj (.text)
                  0000b761    00000019                       : exit.obj (.text)
                  0000b77a    0000000b                       : u_div.obj (.text)
                  0000b785    00000009                       : _lock.obj (.text)

.pinit     0    00008000    00000000     UNINITIALIZED

.switch    0    0000807e    00000020     
                  0000807e    00000020     KEY.obj (.switch:_KeyFun)

.stack     1    00000400    00000300     UNINITIALIZED
                  00000400    00000300     --HOLE--

DevEmuRegsFile 
*          1    00000880    000000d0     UNINITIALIZED
                  00000880    000000d0     DSP2833x_GlobalVariableDefs.obj (DevEmuRegsFile)

FlashRegsFile 
*          1    00000a80    00000008     UNINITIALIZED
                  00000a80    00000008     DSP2833x_GlobalVariableDefs.obj (FlashRegsFile)

CsmRegsFile 
*          1    00000ae0    00000010     UNINITIALIZED
                  00000ae0    00000010     DSP2833x_GlobalVariableDefs.obj (CsmRegsFile)

AdcMirrorFile 
*          1    00000b00    00000010     UNINITIALIZED
                  00000b00    00000010     DSP2833x_GlobalVariableDefs.obj (AdcMirrorFile)

XintfRegsFile 
*          1    00000b20    0000001e     UNINITIALIZED
                  00000b20    0000001e     DSP2833x_GlobalVariableDefs.obj (XintfRegsFile)

CpuTimer0RegsFile 
*          1    00000c00    00000008     UNINITIALIZED
                  00000c00    00000008     DSP2833x_GlobalVariableDefs.obj (CpuTimer0RegsFile)

CpuTimer1RegsFile 
*          1    00000c08    00000008     UNINITIALIZED
                  00000c08    00000008     DSP2833x_GlobalVariableDefs.obj (CpuTimer1RegsFile)

CpuTimer2RegsFile 
*          1    00000c10    00000008     UNINITIALIZED
                  00000c10    00000008     DSP2833x_GlobalVariableDefs.obj (CpuTimer2RegsFile)

PieCtrlRegsFile 
*          1    00000ce0    0000001a     UNINITIALIZED
                  00000ce0    0000001a     DSP2833x_GlobalVariableDefs.obj (PieCtrlRegsFile)

ECanaMOTSRegsFile 
*          1    00006080    00000040     UNINITIALIZED
                  00006080    00000040     DSP2833x_GlobalVariableDefs.obj (ECanaMOTSRegsFile)

ECanaMOTORegsFile 
*          1    000060c0    00000040     UNINITIALIZED
                  000060c0    00000040     DSP2833x_GlobalVariableDefs.obj (ECanaMOTORegsFile)

ECanbMOTSRegsFile 
*          1    00006280    00000040     UNINITIALIZED
                  00006280    00000040     DSP2833x_GlobalVariableDefs.obj (ECanbMOTSRegsFile)

ECanbMOTORegsFile 
*          1    000062c0    00000040     UNINITIALIZED
                  000062c0    00000040     DSP2833x_GlobalVariableDefs.obj (ECanbMOTORegsFile)

.ebss      1    0000c000    00000064     UNINITIALIZED
                  0000c000    00000022     KEY.obj (.ebss)
                  0000c022    00000018     DSP2833x_CpuTimers.obj (.ebss)
                  0000c03a    00000005     KEY.obj (.ebss:_KX_Status)
                  0000c03f    00000001     --HOLE--
                  0000c040    00000010     KEY.obj (.ebss:_Keys)
                  0000c050    0000000a     GUI.obj (.ebss:_Num)
                  0000c05a    00000004     rts2800_fpu32.lib : _lock.obj (.ebss)
                  0000c05e    00000004                       : exit.obj (.ebss)
                  0000c062    00000002     Main_24TFT.obj (.ebss)

.econst    1    0000d000    00001e72     
                  0000d000    00000c24     GUI.obj (.econst:_hz24)
                  0000dc24    00000781     GUI.obj (.econst:.string:_sz32)
                  0000e3a5    000005f1     GUI.obj (.econst:.string:_asc16)
                  0000e996    00000242     GUI.obj (.econst:_hz16)
                  0000ebd8    00000100     DSP2833x_PieVect.obj (.econst:_PieVectTableInit)
                  0000ecd8    00000085     GUI.obj (.econst:.string)
                  0000ed5d    00000019     GUI.obj (.econst:.string:_$P$T6$7)
                  0000ed76    00000014     KEY.obj (.econst:.string)
                  0000ed8a    00000013     GUI.obj (.econst:.string:_$P$T0$1)
                  0000ed9d    0000000b     GUI.obj (.econst:.string:_$P$T5$6)
                  0000eda8    0000000a     GUI.obj (.econst:.string:_$P$T14$15)
                  0000edb2    0000000a     GUI.obj (.econst:.string:_$P$T15$16)
                  0000edbc    0000000a     GUI.obj (.econst:.string:_$P$T18$19)
                  0000edc6    0000000a     GUI.obj (.econst:.string:_$P$T19$20)
                  0000edd0    0000000a     GUI.obj (.econst:.string:_$P$T20$21)
                  0000edda    0000000a     GUI.obj (.econst:.string:_$P$T22$23)
                  0000ede4    0000000a     GUI.obj (.econst:.string:_$P$T23$24)
                  0000edee    0000000a     GUI.obj (.econst:.string:_$P$T24$25)
                  0000edf8    0000000a     GUI.obj (.econst:.string:_$P$T25$26)
                  0000ee02    00000009     GUI.obj (.econst:.string:_$P$T1$2)
                  0000ee0b    00000009     GUI.obj (.econst:.string:_$P$T13$14)
                  0000ee14    00000009     GUI.obj (.econst:.string:_$P$T2$3)
                  0000ee1d    00000009     GUI.obj (.econst:.string:_$P$T21$22)
                  0000ee26    00000009     GUI.obj (.econst:.string:_$P$T27$28)
                  0000ee2f    00000009     GUI.obj (.econst:.string:_$P$T4$5)
                  0000ee38    00000009     GUI.obj (.econst:.string:_$P$T7$8)
                  0000ee41    00000008     GUI.obj (.econst:.string:_$P$T17$18)
                  0000ee49    00000008     GUI.obj (.econst:.string:_$P$T3$4)
                  0000ee51    00000006     GUI.obj (.econst:.string:_$P$T16$17)
                  0000ee57    00000006     GUI.obj (.econst:.string:_$P$T26$27)
                  0000ee5d    00000005     GUI.obj (.econst:.string:_$P$T10$11)
                  0000ee62    00000005     GUI.obj (.econst:.string:_$P$T11$12)
                  0000ee67    00000004     GUI.obj (.econst:.string:_$P$T8$9)
                  0000ee6b    00000004     GUI.obj (.econst:.string:_$P$T9$10)
                  0000ee6f    00000003     GUI.obj (.econst:.string:_$P$T12$13)

.reset     0    003fffc0    00000002     DSECT
                  003fffc0    00000002     rts2800_fpu32.lib : boot.obj (.reset)

csm_rsvd   0    0033ff80    00000000     DSECT

csmpasswds 
*          0    0033fff8    00000000     DSECT

.adc_cal   0    00380080    00000007     NOLOAD SECTION
                  00380080    00000007     DSP2833x_ADC_cal.obj (.adc_cal)

PieVectTableFile 
*          1    00000d00    00000100     UNINITIALIZED
                  00000d00    00000100     DSP2833x_GlobalVariableDefs.obj (PieVectTableFile)

DmaRegsFile 
*          1    00001000    000000e0     UNINITIALIZED
                  00001000    000000e0     DSP2833x_GlobalVariableDefs.obj (DmaRegsFile)

McbspaRegsFile 
*          1    00005000    00000025     UNINITIALIZED
                  00005000    00000025     DSP2833x_GlobalVariableDefs.obj (McbspaRegsFile)

McbspbRegsFile 
*          1    00005040    00000025     UNINITIALIZED
                  00005040    00000025     DSP2833x_GlobalVariableDefs.obj (McbspbRegsFile)

ECanaRegsFile 
*          1    00006000    00000034     UNINITIALIZED
                  00006000    00000034     DSP2833x_GlobalVariableDefs.obj (ECanaRegsFile)

ECanaLAMRegsFile 
*          1    00006040    00000040     UNINITIALIZED
                  00006040    00000040     DSP2833x_GlobalVariableDefs.obj (ECanaLAMRegsFile)

ECanaMboxesFile 
*          1    00006100    00000100     UNINITIALIZED
                  00006100    00000100     DSP2833x_GlobalVariableDefs.obj (ECanaMboxesFile)

ECanbRegsFile 
*          1    00006200    00000034     UNINITIALIZED
                  00006200    00000034     DSP2833x_GlobalVariableDefs.obj (ECanbRegsFile)

ECanbLAMRegsFile 
*          1    00006240    00000040     UNINITIALIZED
                  00006240    00000040     DSP2833x_GlobalVariableDefs.obj (ECanbLAMRegsFile)

ECanbMboxesFile 
*          1    00006300    00000100     UNINITIALIZED
                  00006300    00000100     DSP2833x_GlobalVariableDefs.obj (ECanbMboxesFile)

EPwm1RegsFile 
*          1    00006800    00000022     UNINITIALIZED
                  00006800    00000022     DSP2833x_GlobalVariableDefs.obj (EPwm1RegsFile)

EPwm2RegsFile 
*          1    00006840    00000022     UNINITIALIZED
                  00006840    00000022     DSP2833x_GlobalVariableDefs.obj (EPwm2RegsFile)

EPwm3RegsFile 
*          1    00006880    00000022     UNINITIALIZED
                  00006880    00000022     DSP2833x_GlobalVariableDefs.obj (EPwm3RegsFile)

EPwm4RegsFile 
*          1    000068c0    00000022     UNINITIALIZED
                  000068c0    00000022     DSP2833x_GlobalVariableDefs.obj (EPwm4RegsFile)

EPwm5RegsFile 
*          1    00006900    00000022     UNINITIALIZED
                  00006900    00000022     DSP2833x_GlobalVariableDefs.obj (EPwm5RegsFile)

EPwm6RegsFile 
*          1    00006940    00000022     UNINITIALIZED
                  00006940    00000022     DSP2833x_GlobalVariableDefs.obj (EPwm6RegsFile)

ECap1RegsFile 
*          1    00006a00    00000020     UNINITIALIZED
                  00006a00    00000020     DSP2833x_GlobalVariableDefs.obj (ECap1RegsFile)

ECap2RegsFile 
*          1    00006a20    00000020     UNINITIALIZED
                  00006a20    00000020     DSP2833x_GlobalVariableDefs.obj (ECap2RegsFile)

ECap3RegsFile 
*          1    00006a40    00000020     UNINITIALIZED
                  00006a40    00000020     DSP2833x_GlobalVariableDefs.obj (ECap3RegsFile)

ECap4RegsFile 
*          1    00006a60    00000020     UNINITIALIZED
                  00006a60    00000020     DSP2833x_GlobalVariableDefs.obj (ECap4RegsFile)

ECap5RegsFile 
*          1    00006a80    00000020     UNINITIALIZED
                  00006a80    00000020     DSP2833x_GlobalVariableDefs.obj (ECap5RegsFile)

ECap6RegsFile 
*          1    00006aa0    00000020     UNINITIALIZED
                  00006aa0    00000020     DSP2833x_GlobalVariableDefs.obj (ECap6RegsFile)

EQep1RegsFile 
*          1    00006b00    00000040     UNINITIALIZED
                  00006b00    00000040     DSP2833x_GlobalVariableDefs.obj (EQep1RegsFile)

EQep2RegsFile 
*          1    00006b40    00000040     UNINITIALIZED
                  00006b40    00000040     DSP2833x_GlobalVariableDefs.obj (EQep2RegsFile)

GpioCtrlRegsFile 
*          1    00006f80    0000002e     UNINITIALIZED
                  00006f80    0000002e     DSP2833x_GlobalVariableDefs.obj (GpioCtrlRegsFile)

GpioDataRegsFile 
*          1    00006fc0    00000020     UNINITIALIZED
                  00006fc0    00000020     DSP2833x_GlobalVariableDefs.obj (GpioDataRegsFile)

GpioIntRegsFile 
*          1    00006fe0    0000000a     UNINITIALIZED
                  00006fe0    0000000a     DSP2833x_GlobalVariableDefs.obj (GpioIntRegsFile)

SysCtrlRegsFile 
*          1    00007010    00000020     UNINITIALIZED
                  00007010    00000020     DSP2833x_GlobalVariableDefs.obj (SysCtrlRegsFile)

SpiaRegsFile 
*          1    00007040    00000010     UNINITIALIZED
                  00007040    00000010     DSP2833x_GlobalVariableDefs.obj (SpiaRegsFile)

SciaRegsFile 
*          1    00007050    00000010     UNINITIALIZED
                  00007050    00000010     DSP2833x_GlobalVariableDefs.obj (SciaRegsFile)

XIntruptRegsFile 
*          1    00007070    00000010     UNINITIALIZED
                  00007070    00000010     DSP2833x_GlobalVariableDefs.obj (XIntruptRegsFile)

AdcRegsFile 
*          1    00007100    0000001e     UNINITIALIZED
                  00007100    0000001e     DSP2833x_GlobalVariableDefs.obj (AdcRegsFile)

ScibRegsFile 
*          1    00007750    00000010     UNINITIALIZED
                  00007750    00000010     DSP2833x_GlobalVariableDefs.obj (ScibRegsFile)

ScicRegsFile 
*          1    00007770    00000010     UNINITIALIZED
                  00007770    00000010     DSP2833x_GlobalVariableDefs.obj (ScicRegsFile)

I2caRegsFile 
*          1    00007900    00000022     UNINITIALIZED
                  00007900    00000022     DSP2833x_GlobalVariableDefs.obj (I2caRegsFile)

CsmPwlFile 
*          1    0033fff8    00000008     UNINITIALIZED
                  0033fff8    00000008     DSP2833x_GlobalVariableDefs.obj (CsmPwlFile)

PartIdRegsFile 
*          1    00380090    00000001     UNINITIALIZED
                  00380090    00000001     DSP2833x_GlobalVariableDefs.obj (PartIdRegsFile)

MODULE SUMMARY

       Module                            code    initialized data   uninitialized data
       ------                            ----    ----------------   ------------------
    .\
       GUI.obj                           2942    7531               10                
       KEY.obj                           4894    135                55                
       LCD_24TFT.obj                     512     0                  0                 
       Main_24TFT.obj                    150     8                  2                 
       LED.obj                           120     0                  0                 
       Delay.obj                         38      0                  0                 
    +--+---------------------------------+-------+------------------+--------------------+
       Total:                            8656    7674               67                
                                                                                      
    .\DSP2833x_common\source\
       DSP2833x_DefaultIsr.obj           790     0                  0                 
       DSP2833x_PieVect.obj              32      256                0                 
       DSP2833x_SysCtrl.obj              246     0                  0                 
       DSP2833x_PieCtrl.obj              40      0                  0                 
       DSP2833x_CpuTimers.obj            0       0                  24                
       DSP2833x_ADC_cal.obj              7       0                  0                 
       DSP2833x_usDelay.obj              4       0                  0                 
    +--+---------------------------------+-------+------------------+--------------------+
       Total:                            1119    256                24                
                                                                                      
    .\DSP2833x_headers\source\
       DSP2833x_GlobalVariableDefs.obj   0       0                  2679              
    +--+---------------------------------+-------+------------------+--------------------+
       Total:                            0       0                  2679              
                                                                                      
    ../DSP2833x_common/lib/rts2800_fpu32.lib
       cos.obj                           94      0                  0                 
       sin.obj                           92      0                  0                 
       boot.obj                          70      0                  0                 
       exit.obj                          25      10                 4                 
       i_div.obj                         34      0                  0                 
       args_main.obj                     27      0                  0                 
       _lock.obj                         9       10                 4                 
       u_div.obj                         11      0                  0                 
    +--+---------------------------------+-------+------------------+--------------------+
       Total:                            362     20                 8                 
                                                                                      
       Stack:                            0       0                  768               
    +--+---------------------------------+-------+------------------+--------------------+
       Grand Total:                      10137   7950               3546              


GLOBAL DATA SYMBOLS: SORTED BY DATA PAGE

address     data page           name
--------    ----------------    ----
00000400      10 (00000400)     __stack

00000880      22 (00000880)     _DevEmuRegs

00000a80      2a (00000a80)     _FlashRegs

00000ae0      2b (00000ac0)     _CsmRegs

00000b00      2c (00000b00)     _AdcMirror
00000b20      2c (00000b00)     _XintfRegs

00000c00      30 (00000c00)     _CpuTimer0Regs
00000c08      30 (00000c00)     _CpuTimer1Regs
00000c10      30 (00000c00)     _CpuTimer2Regs

00000ce0      33 (00000cc0)     _PieCtrlRegs

00000d00      34 (00000d00)     _PieVectTable

00001000      40 (00001000)     _DmaRegs

00005000     140 (00005000)     _McbspaRegs

00005040     141 (00005040)     _McbspbRegs

00006000     180 (00006000)     _ECanaRegs

00006040     181 (00006040)     _ECanaLAMRegs

00006080     182 (00006080)     _ECanaMOTSRegs

000060c0     183 (000060c0)     _ECanaMOTORegs

00006100     184 (00006100)     _ECanaMboxes

00006200     188 (00006200)     _ECanbRegs

00006240     189 (00006240)     _ECanbLAMRegs

00006280     18a (00006280)     _ECanbMOTSRegs

000062c0     18b (000062c0)     _ECanbMOTORegs

00006300     18c (00006300)     _ECanbMboxes

00006800     1a0 (00006800)     _EPwm1Regs

00006840     1a1 (00006840)     _EPwm2Regs

00006880     1a2 (00006880)     _EPwm3Regs

000068c0     1a3 (000068c0)     _EPwm4Regs

00006900     1a4 (00006900)     _EPwm5Regs

00006940     1a5 (00006940)     _EPwm6Regs

00006a00     1a8 (00006a00)     _ECap1Regs
00006a20     1a8 (00006a00)     _ECap2Regs

00006a40     1a9 (00006a40)     _ECap3Regs
00006a60     1a9 (00006a40)     _ECap4Regs

00006a80     1aa (00006a80)     _ECap5Regs
00006aa0     1aa (00006a80)     _ECap6Regs

00006b00     1ac (00006b00)     _EQep1Regs

00006b40     1ad (00006b40)     _EQep2Regs

00006f80     1be (00006f80)     _GpioCtrlRegs

00006fc0     1bf (00006fc0)     _GpioDataRegs
00006fe0     1bf (00006fc0)     _GpioIntRegs

00007010     1c0 (00007000)     _SysCtrlRegs

00007040     1c1 (00007040)     _SpiaRegs
00007050     1c1 (00007040)     _SciaRegs
00007070     1c1 (00007040)     _XIntruptRegs

00007100     1c4 (00007100)     _AdcRegs

00007750     1dd (00007740)     _ScibRegs
00007770     1dd (00007740)     _ScicRegs

00007900     1e4 (00007900)     _I2caRegs

0000c000     300 (0000c000)     _Key
0000c001     300 (0000c000)     _KX_On
0000c002     300 (0000c000)     _KY_On
0000c003     300 (0000c000)     _MenuFlag
0000c004     300 (0000c000)     _SubSel_Flag
0000c005     300 (0000c000)     _Sub_Flag1
0000c006     300 (0000c000)     _Sub_Flag2
0000c007     300 (0000c000)     _Sub_Flag3
0000c008     300 (0000c000)     _Sub_Flag4
0000c009     300 (0000c000)     _Sub_position1
0000c00a     300 (0000c000)     _Sub_position2
0000c00b     300 (0000c000)     _Sub_position4
0000c00c     300 (0000c000)     _Sub_position3
0000c00d     300 (0000c000)     _Val1
0000c00e     300 (0000c000)     _ifpressed
0000c010     300 (0000c000)     _SubSel3
0000c016     300 (0000c000)     _SubSel4
0000c01c     300 (0000c000)     _SubSel1
0000c022     300 (0000c000)     _CpuTimer0
0000c02a     300 (0000c000)     _CpuTimer1
0000c032     300 (0000c000)     _CpuTimer2
0000c03a     300 (0000c000)     _KX_Status

0000c040     301 (0000c040)     _Keys
0000c050     301 (0000c040)     _Num
0000c05a     301 (0000c040)     __unlock
0000c05c     301 (0000c040)     __lock
0000c05e     301 (0000c040)     __cleanup_ptr
0000c060     301 (0000c040)     __dtors_ptr
0000c063     301 (0000c040)     _yback

0000d000     340 (0000d000)     _hz24

0000dc24     370 (0000dc00)     _sz32

0000e3a5     38e (0000e380)     _asc16

0000e996     3a6 (0000e980)     _hz16

0000ebd8     3af (0000ebc0)     _PieVectTableInit

0033fff8    cfff (0033ffc0)     _CsmPwl

00380090    e002 (00380080)     _PartIdRegs


GLOBAL SYMBOLS: SORTED ALPHABETICALLY BY Name 

page  address   name                 
----  -------   ----                 
0     00009000  .text                
0     0000b761  C$$EXIT              
0     0000b704  I$$DIV               
0     0000b715  I$$MOD               
0     0000b77a  U$$DIV               
0     0000b77f  U$$MOD               
0     0000af82  _ADCINT_ISR          
0     00380080  _ADC_cal             
1     00000b00  _AdcMirror           
1     00007100  _AdcRegs             
0     0000a5c5  _ClearButtonUp       
0     0000adf3  _Color_Test          
1     0000c022  _CpuTimer0           
1     00000c00  _CpuTimer0Regs       
1     0000c02a  _CpuTimer1           
1     00000c08  _CpuTimer1Regs       
1     0000c032  _CpuTimer2           
1     00000c10  _CpuTimer2Regs       
1     0033fff8  _CsmPwl              
1     00000ae0  _CsmRegs             
0     0000b477  _CsmUnlock           
0     0000aeb0  _DATALOG_ISR         
0     0000b0a4  _DINTCH1_ISR         
0     0000b0ae  _DINTCH2_ISR         
0     0000b0b8  _DINTCH3_ISR         
0     0000b0c2  _DINTCH4_ISR         
0     0000b0cc  _DINTCH5_ISR         
0     0000b0d6  _DINTCH6_ISR         
0     0000809e  _DSP28x_usDelay      
0     0000b6de  _Delay_ms            
0     0000b6f2  _Delay_us            
1     00000880  _DevEmuRegs          
0     0000b3c5  _DisableDog          
0     0000a54b  _DisplayButtonDown   
0     0000a588  _DisplayButtonUp     
1     00001000  _DmaRegs             
0     0000aa84  _Draw_Mainmenu       
0     0000ab05  _Draw_Submenu1       
0     0000aba9  _Draw_Submenu2       
0     0000ac13  _Draw_Submenu3       
0     0000ac92  _Draw_Submenu4       
0     0000b130  _ECAN0INTA_ISR       
0     0000b144  _ECAN0INTB_ISR       
0     0000b13a  _ECAN1INTA_ISR       
0     0000b14e  _ECAN1INTB_ISR       
0     0000b018  _ECAP1_INT_ISR       
0     0000b022  _ECAP2_INT_ISR       
0     0000b02c  _ECAP3_INT_ISR       
0     0000b036  _ECAP4_INT_ISR       
0     0000b040  _ECAP5_INT_ISR       
0     0000b04a  _ECAP6_INT_ISR       
1     00006040  _ECanaLAMRegs        
1     000060c0  _ECanaMOTORegs       
1     00006080  _ECanaMOTSRegs       
1     00006100  _ECanaMboxes         
1     00006000  _ECanaRegs           
1     00006240  _ECanbLAMRegs        
1     000062c0  _ECanbMOTORegs       
1     00006280  _ECanbMOTSRegs       
1     00006300  _ECanbMboxes         
1     00006200  _ECanbRegs           
1     00006a00  _ECap1Regs           
1     00006a20  _ECap2Regs           
1     00006a40  _ECap3Regs           
1     00006a60  _ECap4Regs           
1     00006a80  _ECap5Regs           
1     00006aa0  _ECap6Regs           
0     0000aec4  _EMUINT_ISR          
0     0000afdc  _EPWM1_INT_ISR       
0     0000afa0  _EPWM1_TZINT_ISR     
0     0000afe6  _EPWM2_INT_ISR       
0     0000afaa  _EPWM2_TZINT_ISR     
0     0000aff0  _EPWM3_INT_ISR       
0     0000afb4  _EPWM3_TZINT_ISR     
0     0000affa  _EPWM4_INT_ISR       
0     0000afbe  _EPWM4_TZINT_ISR     
0     0000b004  _EPWM5_INT_ISR       
0     0000afc8  _EPWM5_TZINT_ISR     
0     0000b00e  _EPWM6_INT_ISR       
0     0000afd2  _EPWM6_TZINT_ISR     
1     00006800  _EPwm1Regs           
1     00006840  _EPwm2Regs           
1     00006880  _EPwm3Regs           
1     000068c0  _EPwm4Regs           
1     00006900  _EPwm5Regs           
1     00006940  _EPwm6Regs           
0     0000b054  _EQEP1_INT_ISR       
0     0000b05e  _EQEP2_INT_ISR       
1     00006b00  _EQep1Regs           
1     00006b40  _EQep2Regs           
0     0000b6d5  _EnableInterrupts    
1     00000a80  _FlashRegs           
0     0000ada5  _Font_Test           
0     0000a8e7  _GUICoordinate       
0     0000a82a  _GUITable            
0     0000a4e8  _GUIcircle           
0     0000906a  _GetKX               
0     000090db  _GetKX_On            
0     0000912a  _GetKY_On            
0     00009155  _GetKey              
1     00006f80  _GpioCtrlRegs        
1     00006fc0  _GpioDataRegs        
1     00006fe0  _GpioIntRegs         
0     0000a602  _Gui_DrawFont_GBK16  
0     0000a6da  _Gui_DrawFont_GBK24  
0     0000a7de  _Gui_DrawFont_Num32  
0     0000a334  _Gui_DrawLine        
0     0000b3a7  _Gui_DrawPoint       
0     0000a393  _Gui_Draw_DotLine    
0     0000a3ef  _Gui_box             
0     0000a43d  _Gui_box2            
0     0000b0e0  _I2CINT1A_ISR        
0     0000b0ea  _I2CINT2A_ISR        
1     00007900  _I2caRegs            
0     0000aed8  _ILLEGAL_ISR         
0     0000ae9c  _INT13_ISR           
0     0000aea6  _INT14_ISR           
0     00009000  _InitKeyGpio         
0     0000b53e  _InitLedGpio         
0     0000b41c  _InitPeripheralClocks
0     0000b6b6  _InitPieCtrl         
0     0000b726  _InitPieVectTable    
0     0000b3cd  _InitPll             
0     0000b3b2  _InitSysCtrl         
1     0000c001  _KX_On               
1     0000c03a  _KX_Status           
1     0000c002  _KY_On               
1     0000c000  _Key                 
0     00009181  _Key0Fun             
0     00009f14  _Key10Fun            
0     0000a0a3  _Key11Fun            
0     0000a23b  _Key12Fun            
0     0000a240  _Key13Fun            
0     0000a254  _Key14Fun            
0     0000a259  _Key15Fun            
0     000092c5  _Key1Fun             
0     00009409  _Key2Fun             
0     00009569  _Key3Fun             
0     000096cf  _Key4Fun             
0     00009834  _Key5Fun             
0     00009994  _Key6Fun             
0     00009af4  _Key7Fun             
0     00009c54  _Key8Fun             
0     00009db4  _Key9Fun             
0     0000a27c  _KeyFun              
1     0000c040  _Keys                
0     0000a31e  _LCD_BGR2RGB         
0     0000b23b  _LCD_WriteReg        
0     0000b194  _LUF_ISR             
0     0000b18a  _LVF_ISR             
0     0000b389  _Lcd_Clear           
0     0000b254  _Lcd_Init            
0     0000b245  _Lcd_Reset           
0     0000b36d  _Lcd_SetRegion       
0     0000b359  _Lcd_SetXY           
0     0000b223  _Lcd_WriteData       
0     0000b231  _Lcd_WriteData_16Bit 
0     0000b215  _Lcd_WriteIndex      
0     0000b090  _MRINTA_ISR          
0     0000b07c  _MRINTB_ISR          
0     0000b09a  _MXINTA_ISR          
0     0000b086  _MXINTB_ISR          
1     00005000  _McbspaRegs          
1     00005040  _McbspbRegs          
1     0000c003  _MenuFlag            
0     0000aece  _NMI_ISR             
1     0000c050  _Num                 
0     0000ad64  _Num_Test            
0     0000b19e  _PIE_RESERVED        
1     00380090  _PartIdRegs          
1     00000ce0  _PieCtrlRegs         
1     00000d00  _PieVectTable        
1     0000ebd8  _PieVectTableInit    
0     0000ae99  _QDTFT_Test_Demo     
0     0000aeba  _RTOSINT_ISR         
0     0000905f  _RstAllKY            
0     0000910e  _Rst_KY              
0     0000b108  _SCIRXINTA_ISR       
0     0000b11c  _SCIRXINTB_ISR       
0     0000b0f4  _SCIRXINTC_ISR       
0     0000b112  _SCITXINTA_ISR       
0     0000b126  _SCITXINTB_ISR       
0     0000b0fe  _SCITXINTC_ISR       
0     0000af5a  _SEQ1INT_ISR         
0     0000af64  _SEQ2INT_ISR         
0     0000b068  _SPIRXINTA_ISR       
0     0000b072  _SPITXINTA_ISR       
0     0000b1f4  _SPIv_WriteData      
1     00007050  _SciaRegs            
1     00007750  _ScibRegs            
1     00007770  _ScicRegs            
0     0000b3bb  _ServiceDog          
0     000090f2  _Set_KY              
0     0000a8a9  _Show_Image          
0     0000aa16  _Show_Num            
0     0000b4a8  _Show_Wave           
1     00007040  _SpiaRegs            
1     0000c01c  _SubSel1             
1     0000c010  _SubSel3             
1     0000c016  _SubSel4             
1     0000c004  _SubSel_Flag         
1     0000c005  _Sub_Flag1           
1     0000c006  _Sub_Flag2           
1     0000c007  _Sub_Flag3           
1     0000c008  _Sub_Flag4           
1     0000c009  _Sub_position1       
1     0000c00a  _Sub_position2       
1     0000c00c  _Sub_position3       
1     0000c00b  _Sub_position4       
1     00007010  _SysCtrlRegs         
0     0000b1b2  _TFT_Gpio_Init       
0     0000af8c  _TINT0_ISR           
0     0000af3c  _USER10_ISR          
0     0000af46  _USER11_ISR          
0     0000af50  _USER12_ISR          
0     0000aee2  _USER1_ISR           
0     0000aeec  _USER2_ISR           
0     0000aef6  _USER3_ISR           
0     0000af00  _USER4_ISR           
0     0000af0a  _USER5_ISR           
0     0000af14  _USER6_ISR           
0     0000af1e  _USER7_ISR           
0     0000af28  _USER8_ISR           
0     0000af32  _USER9_ISR           
1     0000c00d  _Val1                
0     0000af96  _WAKEINT_ISR         
0     0000acfc  _WavePicture         
0     0000af6e  _XINT1_ISR           
0     0000af78  _XINT2_ISR           
0     0000b158  _XINT3_ISR           
0     0000b162  _XINT4_ISR           
0     0000b16c  _XINT5_ISR           
0     0000b176  _XINT6_ISR           
0     0000b180  _XINT7_ISR           
1     00007070  _XIntruptRegs        
1     00000b20  _XintfRegs           
1     00000700  __STACK_END          
abs   00000300  __STACK_SIZE         
abs   00000001  __TI_args_main       
abs   ffffffff  ___TI_pprof_out_hndl 
abs   ffffffff  ___TI_prof_data_size 
abs   ffffffff  ___TI_prof_data_start
abs   ffffffff  ___binit__           
abs   ffffffff  ___c_args__          
0     00008000  ___cinit__           
0     0000b78e  ___etext__           
abs   ffffffff  ___pinit__           
0     00009000  ___text__            
0     0000b746  __args_main          
1     0000c05e  __cleanup_ptr        
1     0000c060  __dtors_ptr          
1     0000c05c  __lock               
0     0000b78d  __nop                
0     0000b789  __register_lock      
0     0000b785  __register_unlock    
1     00000400  __stack              
1     0000c05a  __unlock             
0     0000b761  _abort               
1     0000e3a5  _asc16               
0     0000b670  _c_int00             
0     0000b5b6  _cos                 
0     00009173  _data_init           
0     00009050  _delay               
0     0000b763  _exit                
1     0000e996  _hz16                
1     0000d000  _hz24                
1     0000c00e  _ifpressed           
0     0000b513  _main                
0     0000b1a8  _rsvd_ISR            
0     0000ae42  _showimage           
0     0000b614  _sin                 
1     0000dc24  _sz32                
1     0000c063  _yback               
abs   ffffffff  binit                
0     00008000  cinit                
0     0000b78e  etext                
abs   ffffffff  pinit                


GLOBAL SYMBOLS: SORTED BY Symbol Address 

page  address   name                 
----  -------   ----                 
0     00008000  ___cinit__           
0     00008000  cinit                
0     0000809e  _DSP28x_usDelay      
0     00009000  .text                
0     00009000  _InitKeyGpio         
0     00009000  ___text__            
0     00009050  _delay               
0     0000905f  _RstAllKY            
0     0000906a  _GetKX               
0     000090db  _GetKX_On            
0     000090f2  _Set_KY              
0     0000910e  _Rst_KY              
0     0000912a  _GetKY_On            
0     00009155  _GetKey              
0     00009173  _data_init           
0     00009181  _Key0Fun             
0     000092c5  _Key1Fun             
0     00009409  _Key2Fun             
0     00009569  _Key3Fun             
0     000096cf  _Key4Fun             
0     00009834  _Key5Fun             
0     00009994  _Key6Fun             
0     00009af4  _Key7Fun             
0     00009c54  _Key8Fun             
0     00009db4  _Key9Fun             
0     00009f14  _Key10Fun            
0     0000a0a3  _Key11Fun            
0     0000a23b  _Key12Fun            
0     0000a240  _Key13Fun            
0     0000a254  _Key14Fun            
0     0000a259  _Key15Fun            
0     0000a27c  _KeyFun              
0     0000a31e  _LCD_BGR2RGB         
0     0000a334  _Gui_DrawLine        
0     0000a393  _Gui_Draw_DotLine    
0     0000a3ef  _Gui_box             
0     0000a43d  _Gui_box2            
0     0000a4e8  _GUIcircle           
0     0000a54b  _DisplayButtonDown   
0     0000a588  _DisplayButtonUp     
0     0000a5c5  _ClearButtonUp       
0     0000a602  _Gui_DrawFont_GBK16  
0     0000a6da  _Gui_DrawFont_GBK24  
0     0000a7de  _Gui_DrawFont_Num32  
0     0000a82a  _GUITable            
0     0000a8a9  _Show_Image          
0     0000a8e7  _GUICoordinate       
0     0000aa16  _Show_Num            
0     0000aa84  _Draw_Mainmenu       
0     0000ab05  _Draw_Submenu1       
0     0000aba9  _Draw_Submenu2       
0     0000ac13  _Draw_Submenu3       
0     0000ac92  _Draw_Submenu4       
0     0000acfc  _WavePicture         
0     0000ad64  _Num_Test            
0     0000ada5  _Font_Test           
0     0000adf3  _Color_Test          
0     0000ae42  _showimage           
0     0000ae99  _QDTFT_Test_Demo     
0     0000ae9c  _INT13_ISR           
0     0000aea6  _INT14_ISR           
0     0000aeb0  _DATALOG_ISR         
0     0000aeba  _RTOSINT_ISR         
0     0000aec4  _EMUINT_ISR          
0     0000aece  _NMI_ISR             
0     0000aed8  _ILLEGAL_ISR         
0     0000aee2  _USER1_ISR           
0     0000aeec  _USER2_ISR           
0     0000aef6  _USER3_ISR           
0     0000af00  _USER4_ISR           
0     0000af0a  _USER5_ISR           
0     0000af14  _USER6_ISR           
0     0000af1e  _USER7_ISR           
0     0000af28  _USER8_ISR           
0     0000af32  _USER9_ISR           
0     0000af3c  _USER10_ISR          
0     0000af46  _USER11_ISR          
0     0000af50  _USER12_ISR          
0     0000af5a  _SEQ1INT_ISR         
0     0000af64  _SEQ2INT_ISR         
0     0000af6e  _XINT1_ISR           
0     0000af78  _XINT2_ISR           
0     0000af82  _ADCINT_ISR          
0     0000af8c  _TINT0_ISR           
0     0000af96  _WAKEINT_ISR         
0     0000afa0  _EPWM1_TZINT_ISR     
0     0000afaa  _EPWM2_TZINT_ISR     
0     0000afb4  _EPWM3_TZINT_ISR     
0     0000afbe  _EPWM4_TZINT_ISR     
0     0000afc8  _EPWM5_TZINT_ISR     
0     0000afd2  _EPWM6_TZINT_ISR     
0     0000afdc  _EPWM1_INT_ISR       
0     0000afe6  _EPWM2_INT_ISR       
0     0000aff0  _EPWM3_INT_ISR       
0     0000affa  _EPWM4_INT_ISR       
0     0000b004  _EPWM5_INT_ISR       
0     0000b00e  _EPWM6_INT_ISR       
0     0000b018  _ECAP1_INT_ISR       
0     0000b022  _ECAP2_INT_ISR       
0     0000b02c  _ECAP3_INT_ISR       
0     0000b036  _ECAP4_INT_ISR       
0     0000b040  _ECAP5_INT_ISR       
0     0000b04a  _ECAP6_INT_ISR       
0     0000b054  _EQEP1_INT_ISR       
0     0000b05e  _EQEP2_INT_ISR       
0     0000b068  _SPIRXINTA_ISR       
0     0000b072  _SPITXINTA_ISR       
0     0000b07c  _MRINTB_ISR          
0     0000b086  _MXINTB_ISR          
0     0000b090  _MRINTA_ISR          
0     0000b09a  _MXINTA_ISR          
0     0000b0a4  _DINTCH1_ISR         
0     0000b0ae  _DINTCH2_ISR         
0     0000b0b8  _DINTCH3_ISR         
0     0000b0c2  _DINTCH4_ISR         
0     0000b0cc  _DINTCH5_ISR         
0     0000b0d6  _DINTCH6_ISR         
0     0000b0e0  _I2CINT1A_ISR        
0     0000b0ea  _I2CINT2A_ISR        
0     0000b0f4  _SCIRXINTC_ISR       
0     0000b0fe  _SCITXINTC_ISR       
0     0000b108  _SCIRXINTA_ISR       
0     0000b112  _SCITXINTA_ISR       
0     0000b11c  _SCIRXINTB_ISR       
0     0000b126  _SCITXINTB_ISR       
0     0000b130  _ECAN0INTA_ISR       
0     0000b13a  _ECAN1INTA_ISR       
0     0000b144  _ECAN0INTB_ISR       
0     0000b14e  _ECAN1INTB_ISR       
0     0000b158  _XINT3_ISR           
0     0000b162  _XINT4_ISR           
0     0000b16c  _XINT5_ISR           
0     0000b176  _XINT6_ISR           
0     0000b180  _XINT7_ISR           
0     0000b18a  _LVF_ISR             
0     0000b194  _LUF_ISR             
0     0000b19e  _PIE_RESERVED        
0     0000b1a8  _rsvd_ISR            
0     0000b1b2  _TFT_Gpio_Init       
0     0000b1f4  _SPIv_WriteData      
0     0000b215  _Lcd_WriteIndex      
0     0000b223  _Lcd_WriteData       
0     0000b231  _Lcd_WriteData_16Bit 
0     0000b23b  _LCD_WriteReg        
0     0000b245  _Lcd_Reset           
0     0000b254  _Lcd_Init            
0     0000b359  _Lcd_SetXY           
0     0000b36d  _Lcd_SetRegion       
0     0000b389  _Lcd_Clear           
0     0000b3a7  _Gui_DrawPoint       
0     0000b3b2  _InitSysCtrl         
0     0000b3bb  _ServiceDog          
0     0000b3c5  _DisableDog          
0     0000b3cd  _InitPll             
0     0000b41c  _InitPeripheralClocks
0     0000b477  _CsmUnlock           
0     0000b4a8  _Show_Wave           
0     0000b513  _main                
0     0000b53e  _InitLedGpio         
0     0000b5b6  _cos                 
0     0000b614  _sin                 
0     0000b670  _c_int00             
0     0000b6b6  _InitPieCtrl         
0     0000b6d5  _EnableInterrupts    
0     0000b6de  _Delay_ms            
0     0000b6f2  _Delay_us            
0     0000b704  I$$DIV               
0     0000b715  I$$MOD               
0     0000b726  _InitPieVectTable    
0     0000b746  __args_main          
0     0000b761  C$$EXIT              
0     0000b761  _abort               
0     0000b763  _exit                
0     0000b77a  U$$DIV               
0     0000b77f  U$$MOD               
0     0000b785  __register_unlock    
0     0000b789  __register_lock      
0     0000b78d  __nop                
0     0000b78e  ___etext__           
0     0000b78e  etext                
0     00380080  _ADC_cal             
1     00000400  __stack              
1     00000700  __STACK_END          
1     00000880  _DevEmuRegs          
1     00000a80  _FlashRegs           
1     00000ae0  _CsmRegs             
1     00000b00  _AdcMirror           
1     00000b20  _XintfRegs           
1     00000c00  _CpuTimer0Regs       
1     00000c08  _CpuTimer1Regs       
1     00000c10  _CpuTimer2Regs       
1     00000ce0  _PieCtrlRegs         
1     00000d00  _PieVectTable        
1     00001000  _DmaRegs             
1     00005000  _McbspaRegs          
1     00005040  _McbspbRegs          
1     00006000  _ECanaRegs           
1     00006040  _ECanaLAMRegs        
1     00006080  _ECanaMOTSRegs       
1     000060c0  _ECanaMOTORegs       
1     00006100  _ECanaMboxes         
1     00006200  _ECanbRegs           
1     00006240  _ECanbLAMRegs        
1     00006280  _ECanbMOTSRegs       
1     000062c0  _ECanbMOTORegs       
1     00006300  _ECanbMboxes         
1     00006800  _EPwm1Regs           
1     00006840  _EPwm2Regs           
1     00006880  _EPwm3Regs           
1     000068c0  _EPwm4Regs           
1     00006900  _EPwm5Regs           
1     00006940  _EPwm6Regs           
1     00006a00  _ECap1Regs           
1     00006a20  _ECap2Regs           
1     00006a40  _ECap3Regs           
1     00006a60  _ECap4Regs           
1     00006a80  _ECap5Regs           
1     00006aa0  _ECap6Regs           
1     00006b00  _EQep1Regs           
1     00006b40  _EQep2Regs           
1     00006f80  _GpioCtrlRegs        
1     00006fc0  _GpioDataRegs        
1     00006fe0  _GpioIntRegs         
1     00007010  _SysCtrlRegs         
1     00007040  _SpiaRegs            
1     00007050  _SciaRegs            
1     00007070  _XIntruptRegs        
1     00007100  _AdcRegs             
1     00007750  _ScibRegs            
1     00007770  _ScicRegs            
1     00007900  _I2caRegs            
1     0000c000  _Key                 
1     0000c001  _KX_On               
1     0000c002  _KY_On               
1     0000c003  _MenuFlag            
1     0000c004  _SubSel_Flag         
1     0000c005  _Sub_Flag1           
1     0000c006  _Sub_Flag2           
1     0000c007  _Sub_Flag3           
1     0000c008  _Sub_Flag4           
1     0000c009  _Sub_position1       
1     0000c00a  _Sub_position2       
1     0000c00b  _Sub_position4       
1     0000c00c  _Sub_position3       
1     0000c00d  _Val1                
1     0000c00e  _ifpressed           
1     0000c010  _SubSel3             
1     0000c016  _SubSel4             
1     0000c01c  _SubSel1             
1     0000c022  _CpuTimer0           
1     0000c02a  _CpuTimer1           
1     0000c032  _CpuTimer2           
1     0000c03a  _KX_Status           
1     0000c040  _Keys                
1     0000c050  _Num                 
1     0000c05a  __unlock             
1     0000c05c  __lock               
1     0000c05e  __cleanup_ptr        
1     0000c060  __dtors_ptr          
1     0000c063  _yback               
1     0000d000  _hz24                
1     0000dc24  _sz32                
1     0000e3a5  _asc16               
1     0000e996  _hz16                
1     0000ebd8  _PieVectTableInit    
1     0033fff8  _CsmPwl              
1     00380090  _PartIdRegs          
abs   00000001  __TI_args_main       
abs   00000300  __STACK_SIZE         
abs   ffffffff  ___TI_pprof_out_hndl 
abs   ffffffff  ___TI_prof_data_size 
abs   ffffffff  ___TI_prof_data_start
abs   ffffffff  ___binit__           
abs   ffffffff  ___c_args__          
abs   ffffffff  ___pinit__           
abs   ffffffff  binit                
abs   ffffffff  pinit                

[277 symbols]
